Component: ARM Compiler 5.06 update 4 (build 422) Tool: armlink [4d35d2]

==============================================================================

Section Cross References

    event_groups.o(i.vEventGroupClearBitsCallback) refers to event_groups.o(i.xEventGroupClearBits) for xEventGroupClearBits
    event_groups.o(i.vEventGroupDelete) refers to tasks.o(i.vTaskSuspendAll) for vTaskSuspendAll
    event_groups.o(i.vEventGroupDelete) refers to tasks.o(i.xTaskRemoveFromUnorderedEventList) for xTaskRemoveFromUnorderedEventList
    event_groups.o(i.vEventGroupDelete) refers to heap_4.o(i.vPortFree) for vPortFree
    event_groups.o(i.vEventGroupDelete) refers to tasks.o(i.xTaskResumeAll) for xTaskResumeAll
    event_groups.o(i.vEventGroupSetBitsCallback) refers to event_groups.o(i.xEventGroupSetBits) for xEventGroupSetBits
    event_groups.o(i.xEventGroupClearBits) refers to port.o(i.vPortEnterCritical) for vPortEnterCritical
    event_groups.o(i.xEventGroupClearBits) refers to port.o(i.vPortExitCritical) for vPortExitCritical
    event_groups.o(i.xEventGroupCreate) refers to heap_4.o(i.pvPortMalloc) for pvPortMalloc
    event_groups.o(i.xEventGroupCreate) refers to list.o(i.vListInitialise) for vListInitialise
    event_groups.o(i.xEventGroupSetBits) refers to tasks.o(i.vTaskSuspendAll) for vTaskSuspendAll
    event_groups.o(i.xEventGroupSetBits) refers to tasks.o(i.xTaskRemoveFromUnorderedEventList) for xTaskRemoveFromUnorderedEventList
    event_groups.o(i.xEventGroupSetBits) refers to tasks.o(i.xTaskResumeAll) for xTaskResumeAll
    event_groups.o(i.xEventGroupSync) refers to tasks.o(i.xTaskGetSchedulerState) for xTaskGetSchedulerState
    event_groups.o(i.xEventGroupSync) refers to tasks.o(i.vTaskSuspendAll) for vTaskSuspendAll
    event_groups.o(i.xEventGroupSync) refers to event_groups.o(i.xEventGroupSetBits) for xEventGroupSetBits
    event_groups.o(i.xEventGroupSync) refers to tasks.o(i.vTaskPlaceOnUnorderedEventList) for vTaskPlaceOnUnorderedEventList
    event_groups.o(i.xEventGroupSync) refers to tasks.o(i.xTaskResumeAll) for xTaskResumeAll
    event_groups.o(i.xEventGroupSync) refers to tasks.o(i.uxTaskResetEventItemValue) for uxTaskResetEventItemValue
    event_groups.o(i.xEventGroupSync) refers to port.o(i.vPortEnterCritical) for vPortEnterCritical
    event_groups.o(i.xEventGroupSync) refers to port.o(i.vPortExitCritical) for vPortExitCritical
    event_groups.o(i.xEventGroupWaitBits) refers to tasks.o(i.xTaskGetSchedulerState) for xTaskGetSchedulerState
    event_groups.o(i.xEventGroupWaitBits) refers to tasks.o(i.vTaskSuspendAll) for vTaskSuspendAll
    event_groups.o(i.xEventGroupWaitBits) refers to event_groups.o(i.prvTestWaitCondition) for prvTestWaitCondition
    event_groups.o(i.xEventGroupWaitBits) refers to tasks.o(i.vTaskPlaceOnUnorderedEventList) for vTaskPlaceOnUnorderedEventList
    event_groups.o(i.xEventGroupWaitBits) refers to tasks.o(i.xTaskResumeAll) for xTaskResumeAll
    event_groups.o(i.xEventGroupWaitBits) refers to tasks.o(i.uxTaskResetEventItemValue) for uxTaskResetEventItemValue
    event_groups.o(i.xEventGroupWaitBits) refers to port.o(i.vPortEnterCritical) for vPortEnterCritical
    event_groups.o(i.xEventGroupWaitBits) refers to port.o(i.vPortExitCritical) for vPortExitCritical
    tasks.o(i.eTaskGetState) refers to port.o(i.vPortEnterCritical) for vPortEnterCritical
    tasks.o(i.eTaskGetState) refers to port.o(i.vPortExitCritical) for vPortExitCritical
    tasks.o(i.eTaskGetState) refers to tasks.o(.data) for pxCurrentTCB
    tasks.o(i.eTaskGetState) refers to tasks.o(.bss) for xSuspendedTaskList
    tasks.o(i.pcTaskGetName) refers to tasks.o(.data) for pxCurrentTCB
    tasks.o(i.prvAddCurrentTaskToDelayedList) refers to list.o(i.uxListRemove) for uxListRemove
    tasks.o(i.prvAddCurrentTaskToDelayedList) refers to list.o(i.vListInsertEnd) for vListInsertEnd
    tasks.o(i.prvAddCurrentTaskToDelayedList) refers to list.o(i.vListInsert) for vListInsert
    tasks.o(i.prvAddCurrentTaskToDelayedList) refers to tasks.o(.data) for xTickCount
    tasks.o(i.prvAddCurrentTaskToDelayedList) refers to tasks.o(.bss) for xSuspendedTaskList
    tasks.o(i.prvAddNewTaskToReadyList) refers to port.o(i.vPortEnterCritical) for vPortEnterCritical
    tasks.o(i.prvAddNewTaskToReadyList) refers to tasks.o(i.prvInitialiseTaskLists) for prvInitialiseTaskLists
    tasks.o(i.prvAddNewTaskToReadyList) refers to list.o(i.vListInsertEnd) for vListInsertEnd
    tasks.o(i.prvAddNewTaskToReadyList) refers to port.o(i.vPortExitCritical) for vPortExitCritical
    tasks.o(i.prvAddNewTaskToReadyList) refers to tasks.o(.data) for uxCurrentNumberOfTasks
    tasks.o(i.prvAddNewTaskToReadyList) refers to tasks.o(.bss) for pxReadyTasksLists
    tasks.o(i.prvCheckTasksWaitingTermination) refers to tasks.o(i.vTaskSuspendAll) for vTaskSuspendAll
    tasks.o(i.prvCheckTasksWaitingTermination) refers to tasks.o(i.xTaskResumeAll) for xTaskResumeAll
[...]
    main                                     0x08022171   Thumb Code   276  main.o(i.main)
    mem_free                                 0x080222bd   Thumb Code   100  mem.o(i.mem_free)
    mem_init                                 0x08022331   Thumb Code    86  mem.o(i.mem_init)
    mem_malloc                               0x0802239d   Thumb Code   256  mem.o(i.mem_malloc)
    mem_trim                                 0x080224ad   Thumb Code   280  mem.o(i.mem_trim)
    memp_free                                0x080225d5   Thumb Code    36  memp.o(i.memp_free)
    memp_init                                0x080225fd   Thumb Code    26  memp.o(i.memp_init)
    memp_init_pool                           0x0802261d   Thumb Code    44  memp.o(i.memp_init_pool)
    memp_malloc                              0x08022649   Thumb Code    32  memp.o(i.memp_malloc)
    mmToSteps                                0x0802266d   Thumb Code    34  convertor.o(i.mmToSteps)
    netbuf_data                              0x08022695   Thumb Code    64  netbuf.o(i.netbuf_data)
    netbuf_delete                            0x080226d5   Thumb Code    32  netbuf.o(i.netbuf_delete)
    netbuf_next                              0x080226f5   Thumb Code    46  netbuf.o(i.netbuf_next)
    netconn_accept                           0x08022725   Thumb Code   158  api_lib.o(i.netconn_accept)
    netconn_alloc                            0x080227c9   Thumb Code   138  api_msg.o(i.netconn_alloc)
    netconn_bind                             0x08022879   Thumb Code    50  api_lib.o(i.netconn_bind)
    netconn_close                            0x080228b5   Thumb Code    14  api_lib.o(i.netconn_close)
    netconn_connect                          0x080228f9   Thumb Code    50  api_lib.o(i.netconn_connect)
    netconn_delete                           0x08022935   Thumb Code    48  api_lib.o(i.netconn_delete)
    netconn_free                             0x08022a1d   Thumb Code    58  api_msg.o(i.netconn_free)
    netconn_listen_with_backlog              0x08022a59   Thumb Code    38  api_lib.o(i.netconn_listen_with_backlog)
    netconn_new_with_proto_and_callback      0x08022a85   Thumb Code   126  api_lib.o(i.netconn_new_with_proto_and_callback)
    netconn_recv                             0x08022b09   Thumb Code   122  api_lib.o(i.netconn_recv)
    netconn_write_partly                     0x08022c8d   Thumb Code   142  api_lib.o(i.netconn_write_partly)
    netif_add                                0x08022d21   Thumb Code   138  netif.o(i.netif_add)
    netif_init                               0x08022db5   Thumb Code     2  netif.o(i.netif_init)
    netif_set_addr                           0x08022ddb   Thumb Code    72  netif.o(i.netif_set_addr)
    netif_set_default                        0x08022e25   Thumb Code    10  netif.o(i.netif_set_default)
    netif_set_down                           0x08022e35   Thumb Code    42  netif.o(i.netif_set_down)
    netif_set_gw                             0x08022e5f   Thumb Code    16  netif.o(i.netif_set_gw)
    netif_set_ipaddr                         0x08022e71   Thumb Code    80  netif.o(i.netif_set_ipaddr)
    netif_set_netmask                        0x08022ec5   Thumb Code    16  netif.o(i.netif_set_netmask)
    netif_set_up                             0x08022ed5   Thumb Code    44  netif.o(i.netif_set_up)
    osDelay                                  0x08022f01   Thumb Code    24  cmsis_os.o(i.osDelay)
    osKernelStart                            0x08022f19   Thumb Code    10  cmsis_os.o(i.osKernelStart)
    osKernelSysTick                          0x08022f23   Thumb Code    20  cmsis_os.o(i.osKernelSysTick)
    osMessageCreate                          0x08022f37   Thumb Code    18  cmsis_os.o(i.osMessageCreate)
    osMessageDelete                          0x08022f49   Thumb Code    24  cmsis_os.o(i.osMessageDelete)
    osMessageGet                             0x08022f61   Thumb Code   152  cmsis_os.o(i.osMessageGet)
    osMessagePut                             0x08022ffd   Thumb Code    92  cmsis_os.o(i.osMessagePut)
    osMessageWaiting                         0x0802305d   Thumb Code    26  cmsis_os.o(i.osMessageWaiting)
    osMutexCreate                            0x08023077   Thumb Code    12  cmsis_os.o(i.osMutexCreate)
    osMutexRelease                           0x08023085   Thumb Code    76  cmsis_os.o(i.osMutexRelease)
    osMutexWait                              0x080230d5   Thumb Code   104  cmsis_os.o(i.osMutexWait)
    osSemaphoreCreate                        0x08023141   Thumb Code    44  cmsis_os.o(i.osSemaphoreCreate)
    osSemaphoreDelete                        0x0802316d   Thumb Code    24  cmsis_os.o(i.osSemaphoreDelete)
    osSemaphoreRelease                       0x08023185   Thumb Code    76  cmsis_os.o(i.osSemaphoreRelease)
    osSemaphoreWait                          0x080231d5   Thumb Code   104  cmsis_os.o(i.osSemaphoreWait)
    osSystickHandler                         0x08023241   Thumb Code    16  cmsis_os.o(i.osSystickHandler)
    osThreadCreate                           0x08023251   Thumb Code    48  cmsis_os.o(i.osThreadCreate)
    pbuf_alloc                               0x08023281   Thumb Code   428  pbuf.o(i.pbuf_alloc)
    pbuf_alloced_custom                      0x0802342d   Thumb Code   118  pbuf.o(i.pbuf_alloced_custom)
    pbuf_cat                                 0x080234a3   Thumb Code    56  pbuf.o(i.pbuf_cat)
    pbuf_chain                               0x080234db   Thumb Code    26  pbuf.o(i.pbuf_chain)
    pbuf_clen                                0x080234f5   Thumb Code    18  pbuf.o(i.pbuf_clen)
    pbuf_copy                                0x08023507   Thumb Code   200  pbuf.o(i.pbuf_copy)
    pbuf_copy_partial                        0x080235cf   Thumb Code   146  pbuf.o(i.pbuf_copy_partial)
    pbuf_free                                0x08023661   Thumb Code   162  pbuf.o(i.pbuf_free)
    pbuf_header                              0x08023753   Thumb Code    18  pbuf.o(i.pbuf_header)
    pbuf_header_force                        0x08023765   Thumb Code    18  pbuf.o(i.pbuf_header_force)
    pbuf_realloc                             0x08023855   Thumb Code   128  pbuf.o(i.pbuf_realloc)
    pbuf_ref                                 0x080238d5   Thumb Code    30  pbuf.o(i.pbuf_ref)
    pvPortMalloc                             0x08024085   Thumb Code   308  heap_4.o(i.pvPortMalloc)
    pvTaskIncrementMutexHeldCount            0x080241cd   Thumb Code    26  tasks.o(i.pvTaskIncrementMutexHeldCount)
    pxPortInitialiseStack                    0x080241ed   Thumb Code    38  port.o(i.pxPortInitialiseStack)
    setCommand                               0x08024399   Thumb Code  4314  comm_pars.o(i.setCommand)
    setHomePosition                          0x0802547d   Thumb Code   270  speed_control.o(i.setHomePosition)
    status_GetAimPosition                    0x080255ed   Thumb Code    38  status_control.o(i.status_GetAimPosition)
    status_GetCurrentErrorPosition           0x0802561d   Thumb Code    58  status_control.o(i.status_GetCurrentErrorPosition)
    status_GetCurrentMotionStateMask         0x08025661   Thumb Code   198  status_control.o(i.status_GetCurrentMotionStateMask)
    status_GetCurrentPosition                0x0802572d   Thumb Code    38  status_control.o(i.status_GetCurrentPosition)
    status_GetCurrentSpeed                   0x0802575d   Thumb Code    38  status_control.o(i.status_GetCurrentSpeed)
    status_GetLastError                      0x0802578d   Thumb Code    22  status_control.o(i.status_GetLastError)
    status_GetLastStopCause                  0x080257a9   Thumb Code    22  status_control.o(i.status_GetLastStopCause)
    status_stateControl                      0x080257c5   Thumb Code  1344  status_control.o(i.status_stateControl)
    steps2ToMm                               0x08025d09   Thumb Code    32  convertor.o(i.steps2ToMm)
    stepsToMm                                0x08025d2d   Thumb Code    32  convertor.o(i.stepsToMm)
    switcherStateControl                     0x08025d51   Thumb Code   274  status_control.o(i.switcherStateControl)
    sys_arch_mbox_fetch                      0x08025e71   Thumb Code    94  sys_arch.o(i.sys_arch_mbox_fetch)
    sys_arch_mbox_tryfetch                   0x08025ecf   Thumb Code    48  sys_arch.o(i.sys_arch_mbox_tryfetch)
    sys_arch_protect                         0x08025f01   Thumb Code    18  sys_arch.o(i.sys_arch_protect)
    sys_arch_sem_wait                        0x08025f19   Thumb Code    62  sys_arch.o(i.sys_arch_sem_wait)
    sys_arch_unprotect                       0x08025f59   Thumb Code    14  sys_arch.o(i.sys_arch_unprotect)
    sys_init                                 0x08025fe9   Thumb Code    14  sys_arch.o(i.sys_init)
    sys_mbox_free                            0x08026001   Thumb Code    18  sys_arch.o(i.sys_mbox_free)
    sys_mbox_new                             0x08026015   Thumb Code    40  sys_arch.o(i.sys_mbox_new)
    sys_mbox_post                            0x08026041   Thumb Code    26  sys_arch.o(i.sys_mbox_post)
    sys_mbox_set_invalid                     0x0802605b   Thumb Code     6  sys_arch.o(i.sys_mbox_set_invalid)
    sys_mbox_trypost                         0x08026061   Thumb Code    30  sys_arch.o(i.sys_mbox_trypost)
    sys_mbox_valid                           0x0802607f   Thumb Code    14  sys_arch.o(i.sys_mbox_valid)
    sys_mutex_lock                           0x0802608d   Thumb Code    16  sys_arch.o(i.sys_mutex_lock)
    sys_mutex_new                            0x0802609d   Thumb Code    30  sys_arch.o(i.sys_mutex_new)
    sys_mutex_unlock                         0x080260bb   Thumb Code    12  sys_arch.o(i.sys_mutex_unlock)
    sys_now                                  0x080260c7   Thumb Code     8  ethernetif.o(i.sys_now)
    sys_sem_free                             0x080260cf   Thumb Code    12  sys_arch.o(i.sys_sem_free)
    sys_sem_new                              0x080260db   Thumb Code    44  sys_arch.o(i.sys_sem_new)
    sys_sem_set_invalid                      0x08026107   Thumb Code     6  sys_arch.o(i.sys_sem_set_invalid)
    sys_sem_signal                           0x0802610d   Thumb Code    12  sys_arch.o(i.sys_sem_signal)
    sys_sem_valid                            0x08026119   Thumb Code    14  sys_arch.o(i.sys_sem_valid)
    sys_thread_new                           0x08026127   Thumb Code    54  sys_arch.o(i.sys_thread_new)
    sys_timeout                              0x0802615d   Thumb Code   206  timeouts.o(i.sys_timeout)
    sys_timeouts_init                        0x08026235   Thumb Code    38  timeouts.o(i.sys_timeouts_init)
    sys_timeouts_mbox_fetch                  0x08026269   Thumb Code    58  timeouts.o(i.sys_timeouts_mbox_fetch)
    tcp_abandon                              0x080262e1   Thumb Code   230  tcp.o(i.tcp_abandon)
    tcp_abort                                0x080263d9   Thumb Code    14  tcp.o(i.tcp_abort)
    tcp_accept                               0x080263e7   Thumb Code    16  tcp.o(i.tcp_accept)
    tcp_alloc                                0x0802640d   Thumb Code   190  tcp.o(i.tcp_alloc)
    tcp_arg                                  0x080264dd   Thumb Code     6  tcp.o(i.tcp_arg)
    tcp_bind                                 0x080264e5   Thumb Code   168  tcp.o(i.tcp_bind)
    tcp_close                                0x08026599   Thumb Code    32  tcp.o(i.tcp_close)
    tcp_connect                              0x08026769   Thumb Code   326  tcp.o(i.tcp_connect)
    tcp_debug_state_str                      0x08026989   Thumb Code    10  tcp.o(i.tcp_debug_state_str)
    tcp_eff_send_mss_impl                    0x08026999   Thumb Code    58  tcp.o(i.tcp_eff_send_mss_impl)
    tcp_enqueue_flags                        0x080269d3   Thumb Code   288  tcp_out.o(i.tcp_enqueue_flags)
    tcp_err                                  0x08026af3   Thumb Code    12  tcp.o(i.tcp_err)
    tcp_fasttmr                              0x08026b01   Thumb Code   112  tcp.o(i.tcp_fasttmr)
    tcp_init                                 0x08026bd5   Thumb Code     2  tcp.o(i.tcp_init)
    tcp_input                                0x08026bd9   Thumb Code  1286  tcp_in.o(i.tcp_input)
    tcp_keepalive                            0x08027101   Thumb Code   114  tcp_out.o(i.tcp_keepalive)
    tcp_listen_with_backlog                  0x080273d9   Thumb Code   168  tcp.o(i.tcp_listen_with_backlog)
    tcp_netif_ip_addr_changed                0x0802748d   Thumb Code    70  tcp.o(i.tcp_netif_ip_addr_changed)
    tcp_new                                  0x0802750f   Thumb Code    10  tcp.o(i.tcp_new)
    tcp_next_iss                             0x08027581   Thumb Code    20  tcp.o(i.tcp_next_iss)
    tcp_output                               0x0802762d   Thumb Code   538  tcp_out.o(i.tcp_output)
    tcp_pcb_purge                            0x08027ac1   Thumb Code   106  tcp.o(i.tcp_pcb_purge)
    tcp_pcb_remove                           0x08027b2b   Thumb Code   124  tcp.o(i.tcp_pcb_remove)
    tcp_poll                                 0x08027ba7   Thumb Code    12  tcp.o(i.tcp_poll)
    tcp_process_refused_data                 0x080281a1   Thumb Code   158  tcp.o(i.tcp_process_refused_data)
    tcp_recv                                 0x08028c45   Thumb Code    12  tcp.o(i.tcp_recv)
    tcp_recv_null                            0x08028c51   Thumb Code    46  tcp.o(i.tcp_recv_null)
    tcp_recved                               0x08028c7f   Thumb Code   100  tcp.o(i.tcp_recved)
    tcp_rexmit                               0x08028cfb   Thumb Code    90  tcp_out.o(i.tcp_rexmit)
    tcp_rexmit_fast                          0x08028d55   Thumb Code   124  tcp_out.o(i.tcp_rexmit_fast)
    tcp_rexmit_rto                           0x08028dd1   Thumb Code    68  tcp_out.o(i.tcp_rexmit_rto)
    tcp_rst                                  0x08028e15   Thumb Code   144  tcp_out.o(i.tcp_rst)
    tcp_seg_copy                             0x08028ea5   Thumb Code    38  tcp.o(i.tcp_seg_copy)
    tcp_seg_free                             0x08028ecb   Thumb Code    26  tcp.o(i.tcp_seg_free)
    tcp_segs_free                            0x08028ee5   Thumb Code    24  tcp.o(i.tcp_segs_free)
    tcp_send_empty_ack                       0x08028efd   Thumb Code   126  tcp_out.o(i.tcp_send_empty_ack)
    tcp_send_fin                             0x08028f7b   Thumb Code    74  tcp_out.o(i.tcp_send_fin)
    tcp_sent                                 0x08028fc5   Thumb Code    10  tcp.o(i.tcp_sent)
    tcp_shutdown                             0x08028fcf   Thumb Code    98  tcp.o(i.tcp_shutdown)
    tcp_slowtmr                              0x08029031   Thumb Code   902  tcp.o(i.tcp_slowtmr)
    tcp_timer_needed                         0x080293d9   Thumb Code    38  timeouts.o(i.tcp_timer_needed)
    tcp_tmr                                  0x080294b5   Thumb Code    30  tcp.o(i.tcp_tmr)
    tcp_trigger_input_pcb_close              0x080294d9   Thumb Code    14  tcp_in.o(i.tcp_trigger_input_pcb_close)
    tcp_update_rcv_ann_wnd                   0x080294ed   Thumb Code    78  tcp.o(i.tcp_update_rcv_ann_wnd)
    tcp_write                                0x0802953b   Thumb Code  1032  tcp_out.o(i.tcp_write)
    tcp_zero_window_probe                    0x080299c3   Thumb Code   246  tcp_out.o(i.tcp_zero_window_probe)
    tcpip_callback_with_block                0x08029ab9   Thumb Code    86  tcpip.o(i.tcpip_callback_with_block)
    tcpip_init                               0x08029b15   Thumb Code    62  tcpip.o(i.tcpip_init)
    tcpip_inpkt                              0x08029b79   Thumb Code    76  tcpip.o(i.tcpip_inpkt)
    tcpip_input                              0x08029bc9   Thumb Code    40  tcpip.o(i.tcpip_input)
    tcpip_send_msg_wait_sem                  0x08029bf9   Thumb Code    28  tcpip.o(i.tcpip_send_msg_wait_sem)
    udpPacketBuilder                         0x08029cf9   Thumb Code   276  packet_builder.o(i.udpPacketBuilder)
    udp_bind                                 0x08029e19   Thumb Code   172  udp.o(i.udp_bind)
    udp_connect                              0x08029ecd   Thumb Code   118  udp.o(i.udp_connect)
    udp_init                                 0x08029f49   Thumb Code     2  udp.o(i.udp_init)
    udp_input                                0x08029f4d   Thumb Code   366  udp.o(i.udp_input)
    udp_netif_ip_addr_changed                0x0802a10d   Thumb Code    42  udp.o(i.udp_netif_ip_addr_changed)
    udp_new                                  0x0802a13d   Thumb Code    28  udp.o(i.udp_new)
    udp_recv                                 0x0802a1b1   Thumb Code     6  udp.o(i.udp_recv)
    udp_remove                               0x0802a1b9   Thumb Code    64  udp.o(i.udp_remove)
    udp_sendto                               0x0802a1fd   Thumb Code    76  udp.o(i.udp_sendto)
    udp_sendto_if                            0x0802a249   Thumb Code    82  udp.o(i.udp_sendto_if)
    udp_sendto_if_src                        0x0802a29b   Thumb Code   224  udp.o(i.udp_sendto_if_src)
    uxListRemove                             0x0802a37b   Thumb Code    40  list.o(i.uxListRemove)
    uxQueueMessagesWaiting                   0x0802a3a3   Thumb Code    46  queue.o(i.uxQueueMessagesWaiting)
    uxQueueMessagesWaitingFromISR            0x0802a3d1   Thumb Code    34  queue.o(i.uxQueueMessagesWaitingFromISR)
    vListInitialise                          0x0802a3f3   Thumb Code    26  list.o(i.vListInitialise)
    vListInitialiseItem                      0x0802a40d   Thumb Code     6  list.o(i.vListInitialiseItem)
    vListInsert                              0x0802a413   Thumb Code    52  list.o(i.vListInsert)
    vListInsertEnd                           0x0802a447   Thumb Code    24  list.o(i.vListInsertEnd)
    vPortEnterCritical                       0x0802a461   Thumb Code    84  port.o(i.vPortEnterCritical)
    vPortExitCritical                        0x0802a4bd   Thumb Code    60  port.o(i.vPortExitCritical)
    vPortFree                                0x0802a4fd   Thumb Code   148  heap_4.o(i.vPortFree)
    vPortSetupTimerInterrupt                 0x0802a599   Thumb Code    26  port.o(i.vPortSetupTimerInterrupt)
    vPortValidateInterruptPriority           0x0802a5b9   Thumb Code   114  port.o(i.vPortValidateInterruptPriority)
    vQueueDelete                             0x0802a639   Thumb Code    48  queue.o(i.vQueueDelete)
    vQueueUnregisterQueue                    0x0802a669   Thumb Code    44  queue.o(i.vQueueUnregisterQueue)
    vTaskDelay                               0x0802a699   Thumb Code    86  tasks.o(i.vTaskDelay)
    vTaskMissedYield                         0x0802a6f9   Thumb Code     8  tasks.o(i.vTaskMissedYield)
    vTaskPlaceOnEventList                    0x0802a705   Thumb Code    56  tasks.o(i.vTaskPlaceOnEventList)
    vTaskPriorityInherit                     0x0802a741   Thumb Code   164  tasks.o(i.vTaskPriorityInherit)
    vTaskSetTimeOutState                     0x0802a7f1   Thumb Code    42  tasks.o(i.vTaskSetTimeOutState)
    vTaskStartScheduler                      0x0802a825   Thumb Code   116  tasks.o(i.vTaskStartScheduler)
    vTaskSuspendAll                          0x0802a8b5   Thumb Code    12  tasks.o(i.vTaskSuspendAll)
    vTaskSwitchContext                       0x0802a8c5   Thumb Code   122  tasks.o(i.vTaskSwitchContext)
    waitSetBit                               0x0802a955   Thumb Code   200  status_control.o(i.waitSetBit)
    xPortStartScheduler                      0x0802aa21   Thumb Code   206  port.o(i.xPortStartScheduler)
    xPortSysTickHandler                      0x0802ab09   Thumb Code    50  port.o(i.xPortSysTickHandler)
    xQueueCreateMutex                        0x0802ab41   Thumb Code    34  queue.o(i.xQueueCreateMutex)
    xQueueGenericCreate                      0x0802ab63   Thumb Code    92  queue.o(i.xQueueGenericCreate)
    xQueueGenericReceive                     0x0802abc1   Thumb Code   458  queue.o(i.xQueueGenericReceive)
    xQueueGenericReset                       0x0802ad91   Thumb Code   150  queue.o(i.xQueueGenericReset)
    xQueueGenericSend                        0x0802ae2d   Thumb Code   436  queue.o(i.xQueueGenericSend)
    xQueueGenericSendFromISR                 0x0802afe5   Thumb Code   264  queue.o(i.xQueueGenericSendFromISR)
    xQueueGiveFromISR                        0x0802b0ed   Thumb Code   240  queue.o(i.xQueueGiveFromISR)
    xQueueReceiveFromISR                     0x0802b1dd   Thumb Code   214  queue.o(i.xQueueReceiveFromISR)
    xTaskCheckForTimeOut                     0x0802b2b5   Thumb Code   140  tasks.o(i.xTaskCheckForTimeOut)
    xTaskCreate                              0x0802b349   Thumb Code    96  tasks.o(i.xTaskCreate)
    xTaskGetSchedulerState                   0x0802b3a9   Thumb Code    24  tasks.o(i.xTaskGetSchedulerState)
    xTaskGetTickCount                        0x0802b3c9   Thumb Code     6  tasks.o(i.xTaskGetTickCount)
    xTaskGetTickCountFromISR                 0x0802b3d5   Thumb Code    16  tasks.o(i.xTaskGetTickCountFromISR)
    xTaskIncrementTick                       0x0802b3e9   Thumb Code   286  tasks.o(i.xTaskIncrementTick)
    xTaskPriorityDisinherit                  0x0802b535   Thumb Code   196  tasks.o(i.xTaskPriorityDisinherit)
    xTaskRemoveFromEventList                 0x0802b605   Thumb Code   132  tasks.o(i.xTaskRemoveFromEventList)
    xTaskResumeAll                           0x0802b6a1   Thumb Code   228  tasks.o(i.xTaskResumeAll)
    os_mutex_def_lwip_sys_mutex              0x0802b7a8   Data           4  sys_arch.o(.constdata)
    tcp_pcb_lists                            0x0802b7f4   Data          16  tcp.o(.constdata)
    ip_addr_any                              0x0802b804   Data           4  ip4_addr.o(.constdata)
    ip_addr_broadcast                        0x0802b808   Data           4  ip4_addr.o(.constdata)
    memp_UDP_PCB                             0x0802b80c   Data          16  memp.o(.constdata)
    memp_TCP_PCB                             0x0802b81c   Data          16  memp.o(.constdata)
    memp_TCP_PCB_LISTEN                      0x0802b82c   Data          16  memp.o(.constdata)
    memp_TCP_SEG                             0x0802b83c   Data          16  memp.o(.constdata)
    memp_REASSDATA                           0x0802b84c   Data          16  memp.o(.constdata)
    memp_FRAG_PBUF                           0x0802b85c   Data          16  memp.o(.constdata)
    memp_NETBUF                              0x0802b86c   Data          16  memp.o(.constdata)
    memp_NETCONN                             0x0802b87c   Data          16  memp.o(.constdata)
    memp_TCPIP_MSG_API                       0x0802b88c   Data          16  memp.o(.constdata)
    memp_TCPIP_MSG_INPKT                     0x0802b89c   Data          16  memp.o(.constdata)
    memp_SYS_TIMEOUT                         0x0802b8ac   Data          16  memp.o(.constdata)
    memp_PBUF                                0x0802b8bc   Data          16  memp.o(.constdata)
    memp_PBUF_POOL                           0x0802b8cc   Data          16  memp.o(.constdata)
    memp_pools                               0x0802b8dc   Data          52  memp.o(.constdata)
    ethbroadcast                             0x0802b910   Data           6  ethernet.o(.constdata)
    ethzero                                  0x0802b916   Data           6  ethernet.o(.constdata)
    lwip_cyclic_timers                       0x0802b91c   Data          24  timeouts.o(.constdata)
    AHBPrescTable                            0x0802b934   Data          16  system_stm32f7xx.o(.constdata)
    APBPrescTable                            0x0802b944   Data           8  system_stm32f7xx.o(.constdata)
    __ctype_table                            0x0802b9d8   Data         129  ctype_o.o(.constdata)
    Region$$Table$$Base                      0x0802bc34   Number         0  anon$$obj.o(Region$$Table)
    Region$$Table$$Limit                     0x0802bc54   Number         0  anon$$obj.o(Region$$Table)
    pxCurrentTCB                             0x20000000   Data           4  tasks.o(.data)
    netconn_aborted                          0x20000060   Data           1  api_msg.o(.data)
    errno                                    0x20000064   Data           4  sys_arch.o(.data)
    lwip_sys_mutex                           0x20000068   Data           4  sys_arch.o(.data)
    lock_tcpip_core                          0x20000088   Data           4  tcpip.o(.data)
    tcp_ticks                                0x20000090   Data           4  tcp.o(.data)
    tcp_bound_pcbs                           0x20000094   Data           4  tcp.o(.data)
    tcp_listen_pcbs                          0x20000098   Data           4  tcp.o(.data)
    tcp_active_pcbs                          0x2000009c   Data           4  tcp.o(.data)
    tcp_tw_pcbs                              0x200000a0   Data           4  tcp.o(.data)
    tcp_active_pcbs_changed                  0x200000a4   Data           1  tcp.o(.data)
    udp_pcbs                                 0x200000b4   Data           4  udp.o(.data)
    tcp_input_pcb                            0x200000dc   Data           4  tcp_in.o(.data)
    pbuf_free_ooseq_pending                  0x20000114   Data           1  pbuf.o(.data)
    netif_list                               0x20000118   Data           4  netif.o(.data)
    netif_default                            0x2000011c   Data           4  netif.o(.data)
    uwTick                                   0x20000138   Data           4  stm32f7xx_hal.o(.data)
    SystemCoreClock                          0x2000013c   Data           4  system_stm32f7xx.o(.data)
    s_xSemaphore                             0x20000140   Data           4  ethernetif.o(.data)
    defaultTaskHandle                        0x20000144   Data           4  main.o(.data)
    pwmStepperHandle                         0x20000148   Data           4  main.o(.data)
    pwmStepper1Handle                        0x2000014c   Data           4  main.o(.data)
    EncoderHandle                            0x20000150   Data           4  main.o(.data)
    udpSenderHandle                          0x20000154   Data           4  main.o(.data)
    ErrorComparseHandler                     0x20000158   Data           4  main.o(.data)
    TcpFlag                                  0x2000015c   Data           1  main.o(.data)
    ipaddr                                   0x20000160   Data           4  lwip.o(.data)
    netmask                                  0x20000164   Data           4  lwip.o(.data)
    gw                                       0x20000168   Data           4  lwip.o(.data)
    IP_ADDRESS                               0x2000016c   Data           4  lwip.o(.data)
    NETMASK_ADDRESS                          0x20000170   Data           4  lwip.o(.data)
    GATEWAY_ADDRESS                          0x20000174   Data           4  lwip.o(.data)
    ax                                       0x20000178   Data          12  comm_pars.o(.data)
    com                                      0x20000184   Data         100  comm_pars.o(.data)
    equalsymb                                0x200001e8   Data           1  comm_pars.o(.data)
    endSymbol                                0x200001e9   Data           1  comm_pars.o(.data)
    parserState                              0x200001ea   Data           1  comm_pars.o(.data)
    switcherState                            0x200001eb   Data           1  status_control.o(.data)
    __stdout                                 0x200001ec   Data           4  stdout.o(.data)
    xQueueRegistry                           0x200002e4   Data          64  queue.o(.bss)
    ram_heap                                 0x20010324   Data        4115  mem.o(.bss)
    memp_memory_UDP_PCB_base                 0x2001134c   Data          35  memp.o(.bss)
    memp_memory_TCP_PCB_base                 0x2001136f   Data        1523  memp.o(.bss)
    memp_memory_TCP_PCB_LISTEN_base          0x20011962   Data         283  memp.o(.bss)
    memp_memory_TCP_SEG_base                 0x20011a7d   Data         343  memp.o(.bss)
    memp_memory_REASSDATA_base               0x20011bd4   Data         163  memp.o(.bss)
    memp_memory_FRAG_PBUF_base               0x20011c77   Data         363  memp.o(.bss)
    memp_memory_NETBUF_base                  0x20011de2   Data          35  memp.o(.bss)
    memp_memory_NETCONN_base                 0x20011e05   Data         179  memp.o(.bss)
    memp_memory_TCPIP_MSG_API_base           0x20011eb8   Data         131  memp.o(.bss)
    memp_memory_TCPIP_MSG_INPKT_base         0x20011f3b   Data         131  memp.o(.bss)
    memp_memory_SYS_TIMEOUT_base             0x20011fbe   Data          51  memp.o(.bss)
    memp_memory_PBUF_base                    0x20011ff1   Data        1603  memp.o(.bss)
    memp_memory_PBUF_POOL_base               0x20012634   Data       24515  memp.o(.bss)
    ip_data                                  0x200186e8   Data          24  ip.o(.bss)
    pFlash                                   0x20018700   Data          28  stm32f7xx_hal_flash.o(.bss)
    DMARxDscrTab                             0x2001871c   Data         128  ethernetif.o(.bss)
    DMATxDscrTab                             0x2001879c   Data         128  ethernetif.o(.bss)
    Rx_Buff                                  0x2001881c   Data        6096  ethernetif.o(.bss)
    Tx_Buff                                  0x20019fec   Data        6096  ethernetif.o(.bss)
    heth                                     0x2001b7bc   Data          72  ethernetif.o(.bss)
    htim1                                    0x2001b804   Data          64  main.o(.bss)
    htim2                                    0x2001b844   Data          64  main.o(.bss)
    htim3                                    0x2001b884   Data          64  main.o(.bss)
    htim4                                    0x2001b8c4   Data          64  main.o(.bss)
    htim5                                    0x2001b904   Data          64  main.o(.bss)
    gnetif                                   0x2001b944   Data          48  lwip.o(.bss)
    Axx                                      0x2001b978   Data        2000  comm_pars.o(.bss)
    ethPacket                                0x2001c148   Data         105  comm_pars.o(.bss)
    recvDatta                                0x2001c1b1   Data         256  comm_pars.o(.bss)
    udpPacket                                0x2001c2b4   Data          60  packet_builder.o(.bss)
    __initial_sp                             0x200202f0   Data           0  startup_stm32f767xx.o(STACK)



==============================================================================

Memory Map of the image

  Image Entry point : 0x08018001

  Load Region LR_IROM1 (Base: 0x08000000, Size: 0x000001f8, Max: 0x00008000, ABSOLUTE)

    Execution Region ER_IROM1 (Base: 0x08000000, Size: 0x000001f8, Max: 0x00008000, ABSOLUTE)

    Base Addr    Size         Type   Attr      Idx    E Section Name        Object

    0x08000000   0x000001f8   Data   RO         5003    RESET               startup_stm32f767xx.o



  Load Region LR_IROM2 (Base: 0x08018000, Size: 0x00013e48, Max: 0x001e8000, ABSOLUTE, COMPRESSED[0x00013cc4])

    Execution Region ER_IROM2 (Base: 0x08018000, Size: 0x00013c54, Max: 0x001e8000, ABSOLUTE)

    Base Addr    Size         Type   Attr      Idx    E Section Name        Object

    0x08018000   0x00000000   Code   RO         9468  * .ARM.Collect$$$$00000000  mc_w.l(entry.o)
    0x08018000   0x00000004   Code   RO         9780    .ARM.Collect$$$$00000001  mc_w.l(entry2.o)
    0x08018004   0x00000004   Code   RO         9783    .ARM.Collect$$$$00000004  mc_w.l(entry5.o)
    0x08018008   0x00000000   Code   RO         9785    .ARM.Collect$$$$00000008  mc_w.l(entry7b.o)
    0x08018008   0x00000000   Code   RO         9787    .ARM.Collect$$$$0000000A  mc_w.l(entry8b.o)
    0x08018008   0x00000008   Code   RO         9788    .ARM.Collect$$$$0000000B  mc_w.l(entry9a.o)
    0x08018010   0x00000000   Code   RO         9790    .ARM.Collect$$$$0000000D  mc_w.l(entry10a.o)
    0x08018010   0x00000000   Code   RO         9792    .ARM.Collect$$$$0000000F  mc_w.l(entry11a.o)
    0x08018010   0x00000004   Code   RO         9781    .ARM.Collect$$$$00002712  mc_w.l(entry2.o)
    0x08018014   0x000000ba   Code   RO          449    .emb_text           port.o
    0x080180ce   0x00000002   PAD
    0x080180d0   0x00000024   Code   RO         5004    .text               startup_stm32f767xx.o
    0x080180f4   0x00000008   Code   RO         9471    .text               mc_w.l(ctype_o.o)
    0x080180fc   0x00000024   Code   RO         9499    .text               mc_w.l(memcpya.o)
    0x08018120   0x00000024   Code   RO         9501    .text               mc_w.l(memseta.o)
    0x08018144   0x00000018   Code   RO         9503    .text               mc_w.l(strncpy.o)
    0x0801815c   0x00000014   Code   RO         9505    .text               mc_w.l(strchr.o)
    0x08018170   0x0000000e   Code   RO         9507    .text               mc_w.l(strlen.o)
    0x0801817e   0x0000001a   Code   RO         9509    .text               mc_w.l(memcmp.o)
    0x08018198   0x0000001e   Code   RO         9511    .text               mc_w.l(strncmp.o)
    0x080181b6   0x00000020   Code   RO         9513    .text               mc_w.l(strrchr.o)
    0x080181d6   0x0000001a   Code   RO         9778    .text               mc_w.l(atoi.o)
    0x080181f0   0x0000002c   Code   RO         9795    .text               mc_w.l(uidiv.o)
    0x0801821c   0x00000070   Code   RO         9806    .text               mc_w.l(strtol.o)
    0x0801828c   0x00000000   Code   RO         9808    .text               mc_w.l(iusefp.o)
    0x0801828c   0x00000088   Code   RO         9815    .text               mf_w.l(drnd.o)
    0x08018314   0x00000024   Code   RO         9821    .text               mc_w.l(init.o)
    0x08018338   0x0000001e   Code   RO         9823    .text               mc_w.l(llshl.o)
    0x08018356   0x00000020   Code   RO         9825    .text               mc_w.l(llushr.o)
    0x08018376   0x0000009e   Code   RO         9829    .text               mc_w.l(_strtoul.o)
    0x08018414   0x000000ba   Code   RO         9831    .text               mf_w.l(depilogue.o)
    0x080184ce   0x0000001c   Code   RO         9833    .text               mc_w.l(_chval.o)
    0x080184ea   0x00000056   Code   RO         9843    .text               mc_w.l(__dczerorl2.o)
    0x08018540   0x00000088   Code   RO         9075    i.Acceleration      speed_control.o
    0x080185c8   0x00000384   Code   RO         8990    i.AxisInit          comm_pars.o
    0x0801894c   0x00000130   Code   RO         8992    i.ComPar_GetCommand  comm_pars.o
    0x08018a7c   0x000000b4   Code   RO         8993    i.ComPar_GetPacket  comm_pars.o
    0x08018b30   0x00000080   Code   RO         8995    i.ComPar_SetComValue  comm_pars.o
    0x08018bb0   0x00000088   Code   RO         9076    i.Deceleration      speed_control.o
    0x08018c38   0x00000016   Code   RO         5698    i.ETH_DMAReceptionEnable  stm32f7xx_hal_eth.o
    0x08018c4e   0x00000016   Code   RO         5700    i.ETH_DMATransmissionEnable  stm32f7xx_hal_eth.o
    0x08018c64   0x00000038   Code   RO         5701    i.ETH_FlushTransmitFIFO  stm32f7xx_hal_eth.o
    0x08018c9c   0x00000010   Code   RO         8666    i.ETH_IRQHandler    stm32f7xx_it.o
    0x08018cac   0x00000034   Code   RO         5702    i.ETH_MACAddressConfig  stm32f7xx_hal_eth.o
    0x08018ce0   0x00000244   Code   RO         5703    i.ETH_MACDMAConfig  stm32f7xx_hal_eth.o
    0x08018f24   0x00000028   Code   RO         5705    i.ETH_MACReceptionEnable  stm32f7xx_hal_eth.o
    0x08018f4c   0x00000028   Code   RO         5707    i.ETH_MACTransmissionEnable  stm32f7xx_hal_eth.o
    0x08018f74   0x00000004   Code   RO         8703    i.Error_Handler     main.o
    0x08018f78   0x00000024   Code   RO         9077    i.ExStop            speed_control.o
    0x08018f9c   0x0000007c   Code   RO         7594    i.FLASH_Erase_Sector  stm32f7xx_hal_flash_ex.o
    0x08019018   0x00000034   Code   RO         6030    i.FLASH_Program_Byte  stm32f7xx_hal_flash.o
    0x0801904c   0x0000003c   Code   RO         6031    i.FLASH_Program_DoubleWord  stm32f7xx_hal_flash.o
    0x08019088   0x00000038   Code   RO         6032    i.FLASH_Program_HalfWord  stm32f7xx_hal_flash.o
    0x080190c0   0x00000038   Code   RO         6033    i.FLASH_Program_Word  stm32f7xx_hal_flash.o
    0x080190f8   0x00000080   Code   RO         6034    i.FLASH_SetErrorCode  stm32f7xx_hal_flash.o
    0x08019178   0x00000064   Code   RO         6035    i.FLASH_WaitForLastOperation  stm32f7xx_hal_flash.o
    0x080191dc   0x000003c8   Code   RO         9175    i.GetEncAccel       encoder_control.o
    0x080195a4   0x000003e4   Code   RO         9176    i.GetEncSpeed       encoder_control.o
    0x08019988   0x000000b4   Code   RO         9177    i.GetPWMAccel       encoder_control.o
    0x08019a3c   0x000000d8   Code   RO         9178    i.GetPWMSpeed       encoder_control.o
    0x08019b14   0x0000094c   Code   RO         9179    i.GetPosition       encoder_control.o
    0x0801a460   0x000000c4   Code   RO         9180    i.GetSpeed          encoder_control.o
    0x0801a524   0x000002fc   Code   RO         9078    i.GoHome            speed_control.o
    0x0801a820   0x0000001a   Code   RO         6155    i.HAL_Delay         stm32f7xx_hal.o
    0x0801a83a   0x0000008c   Code   RO         5710    i.HAL_ETH_DMARxDescListInit  stm32f7xx_hal_eth.o
    0x0801a8c6   0x00000084   Code   RO         5711    i.HAL_ETH_DMATxDescListInit  stm32f7xx_hal_eth.o
    0x0801a94a   0x00000002   Code   RO         5713    i.HAL_ETH_ErrorCallback  stm32f7xx_hal_eth.o
    0x0801a94c   0x000000ba   Code   RO         5715    i.HAL_ETH_GetReceivedFrame_IT  stm32f7xx_hal_eth.o
    0x0801aa06   0x000000a4   Code   RO         5717    i.HAL_ETH_IRQHandler  stm32f7xx_hal_eth.o
    0x0801aaaa   0x00000002   PAD
    0x0801aaac   0x0000029c   Code   RO         5718    i.HAL_ETH_Init      stm32f7xx_hal_eth.o
    0x0801ad48   0x00000104   Code   RO         8517    i.HAL_ETH_MspInit   ethernetif.o
    0x0801ae4c   0x00000092   Code   RO         5721    i.HAL_ETH_ReadPHYRegister  stm32f7xx_hal_eth.o
    0x0801aede   0x00000002   PAD
    0x0801aee0   0x00000014   Code   RO         8518    i.HAL_ETH_RxCpltCallback  ethernetif.o
    0x0801aef4   0x00000052   Code   RO         5723    i.HAL_ETH_Start     stm32f7xx_hal_eth.o
    0x0801af46   0x0000013e   Code   RO         5725    i.HAL_ETH_TransmitFrame  stm32f7xx_hal_eth.o
    0x0801b084   0x00000002   Code   RO         5726    i.HAL_ETH_TxCpltCallback  stm32f7xx_hal_eth.o
    0x0801b086   0x00000090   Code   RO         5727    i.HAL_ETH_WritePHYRegister  stm32f7xx_hal_eth.o
    0x0801b116   0x00000002   PAD
    0x0801b118   0x00000014   Code   RO         6039    i.HAL_FLASH_Lock    stm32f7xx_hal_flash.o
    0x0801b12c   0x000000a4   Code   RO         6044    i.HAL_FLASH_Program  stm32f7xx_hal_flash.o
    0x0801b1d0   0x0000002c   Code   RO         6046    i.HAL_FLASH_Unlock  stm32f7xx_hal_flash.o
    0x0801b1fc   0x00000218   Code   RO         7002    i.HAL_GPIO_Init     stm32f7xx_hal_gpio.o
    0x0801b414   0x00000010   Code   RO         7004    i.HAL_GPIO_ReadPin  stm32f7xx_hal_gpio.o
    0x0801b424   0x0000000c   Code   RO         7006    i.HAL_GPIO_WritePin  stm32f7xx_hal_gpio.o
    0x0801b430   0x0000000c   Code   RO         6165    i.HAL_GetTick       stm32f7xx_hal.o
    0x0801b43c   0x00000010   Code   RO         6166    i.HAL_IncTick       stm32f7xx_hal.o
    0x0801b44c   0x00000016   Code   RO         6167    i.HAL_Init          stm32f7xx_hal.o
    0x0801b462   0x00000002   PAD
    0x0801b464   0x00000028   Code   RO         6168    i.HAL_InitTick      stm32f7xx_hal.o
    0x0801b48c   0x00000056   Code   RO         8612    i.HAL_MspInit       stm32f7xx_hal_msp.o
    0x0801b4e2   0x00000002   PAD
    0x0801b4e4   0x0000001c   Code   RO         5894    i.HAL_NVIC_DisableIRQ  stm32f7xx_hal_cortex.o
    0x0801b500   0x0000001a   Code   RO         5895    i.HAL_NVIC_EnableIRQ  stm32f7xx_hal_cortex.o
    0x0801b51a   0x0000007c   Code   RO         5901    i.HAL_NVIC_SetPriority  stm32f7xx_hal_cortex.o
    0x0801b596   0x00000002   PAD
    0x0801b598   0x00000028   Code   RO         5902    i.HAL_NVIC_SetPriorityGrouping  stm32f7xx_hal_cortex.o
    0x0801b5c0   0x00000090   Code   RO         6757    i.HAL_PWREx_EnableOverDrive  stm32f7xx_hal_pwr_ex.o
    0x0801b650   0x00000980   Code   RO         6845    i.HAL_RCCEx_PeriphCLKConfig  stm32f7xx_hal_rcc_ex.o
    0x0801bfd0   0x000001b4   Code   RO         7066    i.HAL_RCC_ClockConfig  stm32f7xx_hal_rcc.o
    0x0801c184   0x0000000c   Code   RO         7071    i.HAL_RCC_GetHCLKFreq  stm32f7xx_hal_rcc.o
    0x0801c190   0x000000b4   Code   RO         7075    i.HAL_RCC_GetSysClockFreq  stm32f7xx_hal_rcc.o
    0x0801c244   0x000000b8   Code   RO         7076    i.HAL_RCC_MCOConfig  stm32f7xx_hal_rcc.o
    0x0801c2fc   0x000004f8   Code   RO         7078    i.HAL_RCC_OscConfig  stm32f7xx_hal_rcc.o
    0x0801c7f4   0x00000028   Code   RO         5904    i.HAL_SYSTICK_CLKSourceConfig  stm32f7xx_hal_cortex.o
    0x0801c81c   0x00000034   Code   RO         5906    i.HAL_SYSTICK_Config  stm32f7xx_hal_cortex.o
    0x0801c850   0x00000002   Code   RO         7315    i.HAL_TIMEx_BreakCallback  stm32f7xx_hal_tim_ex.o
    0x0801c852   0x00000002   Code   RO         7316    i.HAL_TIMEx_CommutationCallback  stm32f7xx_hal_tim_ex.o
    0x0801c854   0x0000006c   Code   RO         7334    i.HAL_TIMEx_MasterConfigSynchronization  stm32f7xx_hal_tim_ex.o
    0x0801c8c0   0x0000001e   Code   RO         5018    i.HAL_TIM_Base_Start_IT  stm32f7xx_hal_tim.o
    0x0801c8de   0x00000002   PAD
    0x0801c8e0   0x000000b8   Code   RO         5031    i.HAL_TIM_Encoder_Init  stm32f7xx_hal_tim.o
    0x0801c998   0x000000ec   Code   RO         8614    i.HAL_TIM_Encoder_MspInit  stm32f7xx_hal_msp.o
    0x0801ca84   0x0000004e   Code   RO         5034    i.HAL_TIM_Encoder_Start  stm32f7xx_hal_tim.o
    0x0801cad2   0x00000002   Code   RO         5042    i.HAL_TIM_IC_CaptureCallback  stm32f7xx_hal_tim.o
    0x0801cad4   0x000001b8   Code   RO         5055    i.HAL_TIM_IRQHandler  stm32f7xx_hal_tim.o
    0x0801cc8c   0x0000007c   Code   RO         8615    i.HAL_TIM_MspPostInit  stm32f7xx_hal_msp.o
    0x0801cd08   0x00000002   Code   RO         5058    i.HAL_TIM_OC_DelayElapsedCallback  stm32f7xx_hal_tim.o
    0x0801cd0a   0x00000174   Code   RO         7354    i.HAL_TIM_PWM_ConfigChannel  stm32f7xx_hal_tim_ex.o
    0x0801ce7e   0x00000034   Code   RO         5082    i.HAL_TIM_PWM_Init  stm32f7xx_hal_tim.o
    0x0801ceb2   0x00000002   PAD
    0x0801ceb4   0x00000078   Code   RO         8617    i.HAL_TIM_PWM_MspInit  stm32f7xx_hal_msp.o
    0x0801cf2c   0x00000002   Code   RO         5085    i.HAL_TIM_PWM_PulseFinishedCallback  stm32f7xx_hal_tim.o
    0x0801cf2e   0x00000002   PAD
    0x0801cf30   0x0000004c   Code   RO         5086    i.HAL_TIM_PWM_Start  stm32f7xx_hal_tim.o
    0x0801cf7c   0x00000002   Code   RO         5092    i.HAL_TIM_PeriodElapsedCallback  stm32f7xx_hal_tim.o
    0x0801cf7e   0x00000002   Code   RO         5096    i.HAL_TIM_TriggerCallback  stm32f7xx_hal_tim.o
    0x0801cf80   0x00000090   Code   RO         9355    i.IpReset           flash_control.o
    0x0801d010   0x0000012c   Code   RO         8704    i.MX_GPIO_Init      main.o
    0x0801d13c   0x000000fc   Code   RO         8952    i.MX_LWIP_Init      lwip.o
    0x0801d238   0x00000078   Code   RO         8705    i.MX_TIM1_Init      main.o
    0x0801d2b0   0x00000080   Code   RO         8706    i.MX_TIM2_Init      main.o
    0x0801d330   0x00000074   Code   RO         8707    i.MX_TIM3_Init      main.o
    0x0801d3a4   0x00000074   Code   RO         8708    i.MX_TIM4_Init      main.o
    0x0801d418   0x00000074   Code   RO         8709    i.MX_TIM5_Init      main.o
    0x0801d48c   0x00000010   Code   RO         5908    i.NVIC_GetPriorityGrouping  stm32f7xx_hal_cortex.o
    0x0801d49c   0x00000028   Code   RO         5909    i.NVIC_SetPriority  stm32f7xx_hal_cortex.o
    0x0801d4c4   0x0000033c   Code   RO         9079    i.RoundCalibration  speed_control.o
    0x0801d800   0x0000022c   Code   RO         9080    i.RunBackward       speed_control.o
    0x0801da2c   0x000006c4   Code   RO         8996    i.RunCommand        comm_pars.o
    0x0801e0f0   0x0000022c   Code   RO         9081    i.RunForward        speed_control.o
    0x0801e31c   0x00000078   Code   RO         9082    i.SetSpeed          speed_control.o
    0x0801e394   0x00000054   Code   RO         9083    i.SlStop            speed_control.o
    0x0801e3e8   0x00000038   Code   RO         9084    i.Start             speed_control.o
    0x0801e420   0x000000d4   Code   RO         8710    i.StartDefaultTask  main.o
    0x0801e4f4   0x00000018   Code   RO         8711    i.StartEncoderTask  main.o
    0x0801e50c   0x00000074   Code   RO         8712    i.StartErrorComparseTask  main.o
    0x0801e580   0x000000d0   Code   RO         8713    i.StartPwmStepper   main.o
    0x0801e650   0x000000cc   Code   RO         8714    i.StartPwmStepper1  main.o
    0x0801e71c   0x0000013c   Code   RO         8715    i.StartUdpSenderTask  main.o
    0x0801e858   0x0000005c   Code   RO         9085    i.Stop              speed_control.o
    0x0801e8b4   0x0000000c   Code   RO         8667    i.SysTick_Handler   stm32f7xx_it.o
    0x0801e8c0   0x000000e8   Code   RO         8716    i.SystemClock_Config  main.o
    0x0801e9a8   0x00000064   Code   RO         8474    i.SystemInit        system_stm32f7xx.o
    0x0801ea0c   0x0000004c   Code   RO         8717    i.TIM2_IRQHandler   main.o
    0x0801ea58   0x00000048   Code   RO         8718    i.TIM5_IRQHandler   main.o
    0x0801eaa0   0x000000f0   Code   RO         5097    i.TIM_Base_SetConfig  stm32f7xx_hal_tim.o
    0x0801eb90   0x0000001c   Code   RO         5098    i.TIM_CCxChannelCmd  stm32f7xx_hal_tim.o
    0x0801ebac   0x00000074   Code   RO         5106    i.TIM_OC1_SetConfig  stm32f7xx_hal_tim.o
    0x0801ec20   0x0000007c   Code   RO         5107    i.TIM_OC2_SetConfig  stm32f7xx_hal_tim.o
    0x0801ec9c   0x0000007c   Code   RO         5108    i.TIM_OC3_SetConfig  stm32f7xx_hal_tim.o
    0x0801ed18   0x00000064   Code   RO         5109    i.TIM_OC4_SetConfig  stm32f7xx_hal_tim.o
    0x0801ed7c   0x00000058   Code   RO         7357    i.TIM_OC5_SetConfig  stm32f7xx_hal_tim_ex.o
    0x0801edd4   0x00000058   Code   RO         7358    i.TIM_OC6_SetConfig  stm32f7xx_hal_tim_ex.o
    0x0801ee2c   0x00000020   Code   RO         9606    i.__0printf$3       mc_w.l(printf3.o)
    0x0801ee4c   0x00000030   Code   RO         9607    i.__0snprintf$3     mc_w.l(printf3.o)
    0x0801ee7c   0x00000028   Code   RO         9608    i.__0sprintf$3      mc_w.l(printf3.o)
    0x0801eea4   0x00000008   Code   RO         9799    i.__aeabi_errno_addr  mc_w.l(errno.o)
    0x0801eeac   0x00000004   PAD
    0x0801eeb0   0x000000a0   Code   RO         9464    i.__hardfp_round    m_wv.l(round.o)
    0x0801ef50   0x0000000e   Code   RO         9837    i.__scatterload_copy  mc_w.l(handlers.o)
    0x0801ef5e   0x00000002   Code   RO         9838    i.__scatterload_null  mc_w.l(handlers.o)
    0x0801ef60   0x0000000e   Code   RO         9839    i.__scatterload_zeroinit  mc_w.l(handlers.o)
    0x0801ef6e   0x00000002   PAD
    0x0801ef70   0x000001b8   Code   RO         9613    i._printf_core      mc_w.l(printf3.o)
    0x0801f128   0x00000016   Code   RO         9614    i._snputc           mc_w.l(printf3.o)
    0x0801f13e   0x0000000a   Code   RO         9615    i._sputc            mc_w.l(printf3.o)
    0x0801f148   0x00000164   Code   RO         1674    i.accept_function   api_msg.o
    0x0801f2ac   0x000004c8   Code   RO         9086    i.accuracyGo        speed_control.o
    0x0801f774   0x00000038   Code   RO         9230    i.bigAxisEncoderErrorControl  status_control.o
    0x0801f7ac   0x0000001c   Code   RO         4875    i.cyclic_timer      timeouts.o
    0x0801f7c8   0x00000028   Code   RO         3746    i.do_memp_free_pool  memp.o
    0x0801f7f0   0x00000032   Code   RO         3747    i.do_memp_malloc_pool  memp.o
    0x0801f822   0x00000116   Code   RO         1675    i.err_tcp           api_msg.o
    0x0801f938   0x00000038   Code   RO         4776    i.etharp_cleanup_netif  etharp.o
    0x0801f970   0x0000017c   Code   RO         4778    i.etharp_find_entry  etharp.o
    0x0801faec   0x00000078   Code   RO         4779    i.etharp_free_entry  etharp.o
    0x0801fb64   0x000000f4   Code   RO         4781    i.etharp_input      etharp.o
    0x0801fc58   0x00000134   Code   RO         4782    i.etharp_output     etharp.o
    0x0801fd8c   0x000000b8   Code   RO         4783    i.etharp_output_to_arp_index  etharp.o
    0x0801fe44   0x0000018c   Code   RO         4784    i.etharp_query      etharp.o
    0x0801ffd0   0x000000a0   Code   RO         4785    i.etharp_raw        etharp.o
    0x08020070   0x0000001c   Code   RO         4786    i.etharp_request    etharp.o
    0x0802008c   0x0000002c   Code   RO         4787    i.etharp_request_dst  etharp.o
    0x080200b8   0x000000e4   Code   RO         4788    i.etharp_tmr        etharp.o
    0x0802019c   0x000000cc   Code   RO         4789    i.etharp_update_arp_entry  etharp.o
    0x08020268   0x000000dc   Code   RO         4659    i.ethernet_input    ethernet.o
    0x08020344   0x0000005e   Code   RO         4660    i.ethernet_output   ethernet.o
    0x080203a2   0x00000002   PAD
    0x080203a4   0x00000030   Code   RO         8519    i.ethernetif_init   ethernetif.o
    0x080203d4   0x0000003c   Code   RO         8520    i.ethernetif_input  ethernetif.o
    0x08020410   0x0000000c   Code   RO         9356    i.flash_getNetworkAddress  flash_control.o
    0x0802041c   0x0000000c   Code   RO         9357    i.flash_getPort     flash_control.o
    0x08020428   0x0000000c   Code   RO         9358    i.flash_getUdpTrAddress  flash_control.o
    0x08020434   0x00000018   Code   RO         9359    i.flash_getUdpTrInterval  flash_control.o
    0x0802044c   0x0000000c   Code   RO         9360    i.flash_getUdpTrPort  flash_control.o
    0x08020458   0x00000080   Code   RO         9361    i.flash_setNetworkAddress  flash_control.o
    0x080204d8   0x00000048   Code   RO         9362    i.flash_setPort     flash_control.o
    0x08020520   0x00000090   Code   RO         9363    i.flash_setUdpTrAddress  flash_control.o
    0x080205b0   0x00000054   Code   RO         9364    i.flash_setUdpTrInterval  flash_control.o
    0x08020604   0x00000058   Code   RO         9365    i.flash_setUdpTrPort  flash_control.o
    0x0802065c   0x00000038   Code   RO         8719    i.fputc             main.o
    0x08020694   0x0000000c   Code   RO         9231    i.getSwitcherState  status_control.o
    0x080206a0   0x00000012   Code   RO         2079    i.icmp_dest_unreach  icmp.o
    0x080206b2   0x00000002   PAD
    0x080206b4   0x000001b8   Code   RO         2080    i.icmp_input        icmp.o
    0x0802086c   0x0000008c   Code   RO         2081    i.icmp_send_response  icmp.o
    0x080208f8   0x00000012   Code   RO         2082    i.icmp_time_exceeded  icmp.o
    0x0802090a   0x00000010   Code   RO          535    i.inHandlerMode     cmsis_os.o
    0x0802091a   0x0000004e   Code   RO         3331    i.ip4_addr_isbroadcast_u32  ip4_addr.o
    0x08020968   0x000001c0   Code   RO         4698    i.ip4_frag          ip4_frag.o
    0x08020b28   0x000001fc   Code   RO         3134    i.ip4_input         ip4.o
    0x08020d24   0x00000036   Code   RO         3136    i.ip4_output_if     ip4.o
    0x08020d5a   0x00000002   PAD
    0x08020d5c   0x000000d4   Code   RO         3137    i.ip4_output_if_src  ip4.o
    0x08020e30   0x000001b8   Code   RO         4699    i.ip4_reass         ip4_frag.o
    0x08020fe8   0x00000094   Code   RO         3138    i.ip4_route         ip4.o
    0x0802107c   0x0000000a   Code   RO         4700    i.ip_frag_alloc_pbuf_custom_ref  ip4_frag.o
    0x08021086   0x00000012   Code   RO         4701    i.ip_frag_free_pbuf_custom_ref  ip4_frag.o
    0x08021098   0x0000016c   Code   RO         4702    i.ip_reass_chain_frag_into_datagram_and_validate  ip4_frag.o
    0x08021204   0x0000002c   Code   RO         4703    i.ip_reass_dequeue_datagram  ip4_frag.o
    0x08021230   0x00000058   Code   RO         4704    i.ip_reass_enqueue_new_datagram  ip4_frag.o
    0x08021288   0x000000a0   Code   RO         4705    i.ip_reass_free_complete_datagram  ip4_frag.o
    0x08021328   0x00000088   Code   RO         4706    i.ip_reass_remove_oldest_datagram  ip4_frag.o
    0x080213b0   0x0000003c   Code   RO         4707    i.ip_reass_tmr      ip4_frag.o
    0x080213ec   0x00000020   Code   RO         4708    i.ipfrag_free_pbuf_custom  ip4_frag.o
    0x0802140c   0x00000144   Code   RO         8521    i.low_level_init    ethernetif.o
    0x08021550   0x00000104   Code   RO         8522    i.low_level_input   ethernetif.o
    0x08021654   0x000000e8   Code   RO         8523    i.low_level_output  ethernetif.o
    0x0802173c   0x0000001a   Code   RO         4202    i.lwip_htonl        def.o
    0x08021756   0x0000000c   Code   RO         4203    i.lwip_htons        def.o
    0x08021762   0x00000024   Code   RO         4332    i.lwip_init         init.o
    0x08021786   0x00000086   Code   RO         1676    i.lwip_netconn_do_bind  api_msg.o
    0x0802180c   0x000000bc   Code   RO         1677    i.lwip_netconn_do_close  api_msg.o
    0x080218c8   0x000001c8   Code   RO         1678    i.lwip_netconn_do_close_internal  api_msg.o
    0x08021a90   0x0000010c   Code   RO         1679    i.lwip_netconn_do_connect  api_msg.o
    0x08021b9c   0x0000009e   Code   RO         1680    i.lwip_netconn_do_connected  api_msg.o
    0x08021c3a   0x00000002   PAD
    0x08021c3c   0x0000010c   Code   RO         1681    i.lwip_netconn_do_delconn  api_msg.o
    0x08021d48   0x0000010c   Code   RO         1684    i.lwip_netconn_do_listen  api_msg.o
    0x08021e54   0x00000040   Code   RO         1685    i.lwip_netconn_do_newconn  api_msg.o
    0x08021e94   0x00000070   Code   RO         1686    i.lwip_netconn_do_recv  api_msg.o
    0x08021f04   0x000000b8   Code   RO         1688    i.lwip_netconn_do_write  api_msg.o
    0x08021fbc   0x000001b2   Code   RO         1689    i.lwip_netconn_do_writemore  api_msg.o
    0x0802216e   0x00000002   PAD
    0x08022170   0x0000013c   Code   RO         8720    i.main              main.o
    0x080222ac   0x0000000e   Code   RO          537    i.makeFreeRtosPriority  cmsis_os.o
    0x080222ba   0x00000002   PAD
    0x080222bc   0x00000074   Code   RO         2357    i.mem_free          mem.o
    0x08022330   0x0000006c   Code   RO         2358    i.mem_init          mem.o
    0x0802239c   0x00000110   Code   RO         2359    i.mem_malloc        mem.o
    0x080224ac   0x00000128   Code   RO         2360    i.mem_trim          mem.o
    0x080225d4   0x00000028   Code   RO         3748    i.memp_free         memp.o
    0x080225fc   0x00000020   Code   RO         3750    i.memp_init         memp.o
    0x0802261c   0x0000002c   Code   RO         3751    i.memp_init_pool    memp.o
    0x08022648   0x00000024   Code   RO         3752    i.memp_malloc       memp.o
    0x0802266c   0x00000028   Code   RO         9321    i.mmToSteps         convertor.o
    0x08022694   0x00000040   Code   RO         4259    i.netbuf_data       netbuf.o
    0x080226d4   0x00000020   Code   RO         4260    i.netbuf_delete     netbuf.o
    0x080226f4   0x0000002e   Code   RO         4264    i.netbuf_next       netbuf.o
    0x08022722   0x00000002   PAD
    0x08022724   0x000000a4   Code   RO         1216    i.netconn_accept    api_lib.o
    0x080227c8   0x0000008a   Code   RO         1690    i.netconn_alloc     api_msg.o
    0x08022852   0x00000026   Code   RO         1217    i.netconn_apimsg    api_lib.o
    0x08022878   0x0000003c   Code   RO         1218    i.netconn_bind      api_lib.o
    0x080228b4   0x0000000e   Code   RO         1219    i.netconn_close     api_lib.o
    0x080228c2   0x00000002   PAD
    0x080228c4   0x00000034   Code   RO         1220    i.netconn_close_shutdown  api_lib.o
    0x080228f8   0x0000003c   Code   RO         1221    i.netconn_connect   api_lib.o
    0x08022934   0x00000034   Code   RO         1222    i.netconn_delete    api_lib.o
    0x08022968   0x000000b4   Code   RO         1691    i.netconn_drain     api_msg.o
    0x08022a1c   0x0000003a   Code   RO         1692    i.netconn_free      api_msg.o
    0x08022a56   0x00000002   PAD
    0x08022a58   0x0000002c   Code   RO         1225    i.netconn_listen_with_backlog  api_lib.o
    0x08022a84   0x00000084   Code   RO         1226    i.netconn_new_with_proto_and_callback  api_lib.o
    0x08022b08   0x0000007a   Code   RO         1227    i.netconn_recv      api_lib.o
    0x08022b82   0x00000002   PAD
    0x08022b84   0x00000108   Code   RO         1228    i.netconn_recv_data  api_lib.o
    0x08022c8c   0x00000094   Code   RO         1233    i.netconn_write_partly  api_lib.o
    0x08022d20   0x00000094   Code   RO         4362    i.netif_add         netif.o
    0x08022db4   0x00000002   Code   RO         4364    i.netif_init        netif.o
    0x08022db6   0x00000024   Code   RO         4366    i.netif_issue_reports  netif.o
    0x08022dda   0x00000048   Code   RO         4368    i.netif_set_addr    netif.o
    0x08022e22   0x00000002   PAD
    0x08022e24   0x00000010   Code   RO         4369    i.netif_set_default  netif.o
    0x08022e34   0x0000002a   Code   RO         4370    i.netif_set_down    netif.o
    0x08022e5e   0x00000010   Code   RO         4371    i.netif_set_gw      netif.o
    0x08022e6e   0x00000002   PAD
    0x08022e70   0x00000054   Code   RO         4372    i.netif_set_ipaddr  netif.o
    0x08022ec4   0x00000010   Code   RO         4375    i.netif_set_netmask  netif.o
    0x08022ed4   0x0000002c   Code   RO         4376    i.netif_set_up      netif.o
    0x08022f00   0x00000018   Code   RO          539    i.osDelay           cmsis_os.o
    0x08022f18   0x0000000a   Code   RO          542    i.osKernelStart     cmsis_os.o
    0x08022f22   0x00000014   Code   RO          543    i.osKernelSysTick   cmsis_os.o
    0x08022f36   0x00000012   Code   RO          551    i.osMessageCreate   cmsis_os.o
    0x08022f48   0x00000018   Code   RO          552    i.osMessageDelete   cmsis_os.o
    0x08022f60   0x0000009c   Code   RO          553    i.osMessageGet      cmsis_os.o
    0x08022ffc   0x00000060   Code   RO          555    i.osMessagePut      cmsis_os.o
    0x0802305c   0x0000001a   Code   RO          556    i.osMessageWaiting  cmsis_os.o
    0x08023076   0x0000000c   Code   RO          557    i.osMutexCreate     cmsis_os.o
    0x08023082   0x00000002   PAD
    0x08023084   0x00000050   Code   RO          559    i.osMutexRelease    cmsis_os.o
    0x080230d4   0x0000006c   Code   RO          560    i.osMutexWait       cmsis_os.o
    0x08023140   0x0000002c   Code   RO          568    i.osSemaphoreCreate  cmsis_os.o
    0x0802316c   0x00000018   Code   RO          569    i.osSemaphoreDelete  cmsis_os.o
    0x08023184   0x00000050   Code   RO          571    i.osSemaphoreRelease  cmsis_os.o
    0x080231d4   0x0000006c   Code   RO          572    i.osSemaphoreWait   cmsis_os.o
    0x08023240   0x00000010   Code   RO          575    i.osSystickHandler  cmsis_os.o
    0x08023250   0x00000030   Code   RO          576    i.osThreadCreate    cmsis_os.o
    0x08023280   0x000001ac   Code   RO         3964    i.pbuf_alloc        pbuf.o
    0x0802342c   0x00000076   Code   RO         3965    i.pbuf_alloced_custom  pbuf.o
    0x080234a2   0x00000038   Code   RO         3966    i.pbuf_cat          pbuf.o
    0x080234da   0x0000001a   Code   RO         3967    i.pbuf_chain        pbuf.o
    0x080234f4   0x00000012   Code   RO         3968    i.pbuf_clen         pbuf.o
    0x08023506   0x000000c8   Code   RO         3970    i.pbuf_copy         pbuf.o
    0x080235ce   0x00000092   Code   RO         3971    i.pbuf_copy_partial  pbuf.o
    0x08023660   0x000000a2   Code   RO         3973    i.pbuf_free         pbuf.o
    0x08023702   0x00000002   PAD
    0x08023704   0x00000044   Code   RO         3974    i.pbuf_free_ooseq   pbuf.o
    0x08023748   0x0000000a   Code   RO         3975    i.pbuf_free_ooseq_callback  pbuf.o
    0x08023752   0x00000012   Code   RO         3977    i.pbuf_header       pbuf.o
    0x08023764   0x00000012   Code   RO         3978    i.pbuf_header_force  pbuf.o
    0x08023776   0x00000096   Code   RO         3979    i.pbuf_header_impl  pbuf.o
    0x0802380c   0x00000048   Code   RO         3982    i.pbuf_pool_is_empty  pbuf.o
    0x08023854   0x00000080   Code   RO         3984    i.pbuf_realloc      pbuf.o
    0x080238d4   0x0000001e   Code   RO         3985    i.pbuf_ref          pbuf.o
    0x080238f2   0x00000002   PAD
    0x080238f4   0x00000074   Code   RO         1693    i.pcb_new           api_msg.o
    0x08023968   0x00000088   Code   RO         2361    i.plug_holes        mem.o
    0x080239f0   0x0000007e   Code   RO         1694    i.poll_tcp          api_msg.o
    0x08023a6e   0x00000002   PAD
    0x08023a70   0x00000098   Code   RO          122    i.prvAddCurrentTaskToDelayedList  tasks.o
    0x08023b08   0x000000b8   Code   RO          123    i.prvAddNewTaskToReadyList  tasks.o
    0x08023bc0   0x00000064   Code   RO          124    i.prvCheckTasksWaitingTermination  tasks.o
    0x08023c24   0x0000002a   Code   RO          965    i.prvCopyDataFromQueue  queue.o
    0x08023c4e   0x0000007c   Code   RO          966    i.prvCopyDataToQueue  queue.o
    0x08023cca   0x00000012   Code   RO          125    i.prvDeleteTCB      tasks.o
    0x08023cdc   0x0000007c   Code   RO         1152    i.prvHeapInit       heap_4.o
    0x08023d58   0x00000028   Code   RO          126    i.prvIdleTask       tasks.o
    0x08023d80   0x0000001c   Code   RO          967    i.prvInitialiseMutex  queue.o
    0x08023d9c   0x0000002a   Code   RO          968    i.prvInitialiseNewQueue  queue.o
    0x08023dc6   0x000000b8   Code   RO          127    i.prvInitialiseNewTask  tasks.o
    0x08023e7e   0x00000002   PAD
    0x08023e80   0x00000068   Code   RO          128    i.prvInitialiseTaskLists  tasks.o
    0x08023ee8   0x00000068   Code   RO         1153    i.prvInsertBlockIntoFreeList  heap_4.o
    0x08023f50   0x0000001a   Code   RO          969    i.prvIsQueueEmpty   queue.o
    0x08023f6a   0x0000001e   Code   RO          970    i.prvIsQueueFull    queue.o
    0x08023f88   0x00000034   Code   RO          130    i.prvResetNextTaskUnblockTime  tasks.o
    0x08023fbc   0x00000048   Code   RO          450    i.prvTaskExitError  port.o
    0x08024004   0x0000007e   Code   RO          971    i.prvUnlockQueue    queue.o
    0x08024082   0x00000002   PAD
    0x08024084   0x00000148   Code   RO         1154    i.pvPortMalloc      heap_4.o
    0x080241cc   0x00000020   Code   RO          133    i.pvTaskIncrementMutexHeldCount  tasks.o
    0x080241ec   0x0000002c   Code   RO          451    i.pxPortInitialiseStack  port.o
    0x08024218   0x00000094   Code   RO         1695    i.recv_tcp          api_msg.o
    0x080242ac   0x00000082   Code   RO         1696    i.recv_udp          api_msg.o
    0x0802432e   0x00000068   Code   RO         1697    i.sent_tcp          api_msg.o
    0x08024396   0x00000002   PAD
    0x08024398   0x000010e4   Code   RO         8997    i.setCommand        comm_pars.o
    0x0802547c   0x0000012c   Code   RO         9087    i.setHomePosition   speed_control.o
    0x080255a8   0x00000044   Code   RO         1698    i.setup_tcp         api_msg.o
    0x080255ec   0x00000030   Code   RO         9232    i.status_GetAimPosition  status_control.o
    0x0802561c   0x00000044   Code   RO         9233    i.status_GetCurrentErrorPosition  status_control.o
    0x08025660   0x000000cc   Code   RO         9234    i.status_GetCurrentMotionStateMask  status_control.o
    0x0802572c   0x00000030   Code   RO         9235    i.status_GetCurrentPosition  status_control.o
    0x0802575c   0x00000030   Code   RO         9236    i.status_GetCurrentSpeed  status_control.o
    0x0802578c   0x0000001c   Code   RO         9237    i.status_GetLastError  status_control.o
    0x080257a8   0x0000001c   Code   RO         9238    i.status_GetLastStopCause  status_control.o
    0x080257c4   0x00000544   Code   RO         9239    i.status_stateControl  status_control.o
    0x08025d08   0x00000024   Code   RO         9323    i.steps2ToMm        convertor.o
    0x08025d2c   0x00000024   Code   RO         9324    i.stepsToMm         convertor.o
    0x08025d50   0x00000120   Code   RO         9240    i.switcherStateControl  status_control.o
    0x08025e70   0x0000005e   Code   RO         2138    i.sys_arch_mbox_fetch  sys_arch.o
    0x08025ece   0x00000030   Code   RO         2139    i.sys_arch_mbox_tryfetch  sys_arch.o
    0x08025efe   0x00000002   PAD
    0x08025f00   0x00000018   Code   RO         2140    i.sys_arch_protect  sys_arch.o
    0x08025f18   0x0000003e   Code   RO         2141    i.sys_arch_sem_wait  sys_arch.o
    0x08025f56   0x00000002   PAD
    0x08025f58   0x00000014   Code   RO         2142    i.sys_arch_unprotect  sys_arch.o
    0x08025f6c   0x0000007c   Code   RO         4876    i.sys_check_timeouts  timeouts.o
    0x08025fe8   0x00000018   Code   RO         2143    i.sys_init          sys_arch.o
    0x08026000   0x00000012   Code   RO         2144    i.sys_mbox_free     sys_arch.o
    0x08026012   0x00000002   PAD
    0x08026014   0x0000002c   Code   RO         2145    i.sys_mbox_new      sys_arch.o
    0x08026040   0x0000001a   Code   RO         2146    i.sys_mbox_post     sys_arch.o
    0x0802605a   0x00000006   Code   RO         2147    i.sys_mbox_set_invalid  sys_arch.o
    0x08026060   0x0000001e   Code   RO         2148    i.sys_mbox_trypost  sys_arch.o
    0x0802607e   0x0000000e   Code   RO         2149    i.sys_mbox_valid    sys_arch.o
    0x0802608c   0x00000010   Code   RO         2151    i.sys_mutex_lock    sys_arch.o
    0x0802609c   0x0000001e   Code   RO         2152    i.sys_mutex_new     sys_arch.o
    0x080260ba   0x0000000c   Code   RO         2153    i.sys_mutex_unlock  sys_arch.o
    0x080260c6   0x00000008   Code   RO         8525    i.sys_now           ethernetif.o
    0x080260ce   0x0000000c   Code   RO         2154    i.sys_sem_free      sys_arch.o
    0x080260da   0x0000002c   Code   RO         2155    i.sys_sem_new       sys_arch.o
    0x08026106   0x00000006   Code   RO         2156    i.sys_sem_set_invalid  sys_arch.o
    0x0802610c   0x0000000c   Code   RO         2157    i.sys_sem_signal    sys_arch.o
    0x08026118   0x0000000e   Code   RO         2158    i.sys_sem_valid     sys_arch.o
    0x08026126   0x00000036   Code   RO         2159    i.sys_thread_new    sys_arch.o
    0x0802615c   0x000000d8   Code   RO         4878    i.sys_timeout       timeouts.o
    0x08026234   0x00000034   Code   RO         4879    i.sys_timeouts_init  timeouts.o
    0x08026268   0x00000040   Code   RO         4880    i.sys_timeouts_mbox_fetch  timeouts.o
    0x080262a8   0x00000038   Code   RO         4881    i.sys_timeouts_sleeptime  timeouts.o
    0x080262e0   0x000000f8   Code   RO         2532    i.tcp_abandon       tcp.o
    0x080263d8   0x0000000e   Code   RO         2533    i.tcp_abort         tcp.o
    0x080263e6   0x00000010   Code   RO         2534    i.tcp_accept        tcp.o
    0x080263f6   0x00000014   Code   RO         2535    i.tcp_accept_null   tcp.o
    0x0802640a   0x00000002   PAD
    0x0802640c   0x000000d0   Code   RO         2536    i.tcp_alloc         tcp.o
    0x080264dc   0x00000006   Code   RO         2537    i.tcp_arg           tcp.o
    0x080264e2   0x00000002   PAD
    0x080264e4   0x000000b4   Code   RO         2538    i.tcp_bind          tcp.o
    0x08026598   0x00000020   Code   RO         2539    i.tcp_close         tcp.o
    0x080265b8   0x000001b0   Code   RO         2540    i.tcp_close_shutdown  tcp.o
    0x08026768   0x00000154   Code   RO         2541    i.tcp_connect       tcp.o
    0x080268bc   0x000000ca   Code   RO         3204    i.tcp_create_segment  tcp_out.o
    0x08026986   0x00000002   PAD
    0x08026988   0x00000010   Code   RO         2542    i.tcp_debug_state_str  tcp.o
    0x08026998   0x0000003a   Code   RO         2543    i.tcp_eff_send_mss_impl  tcp.o
    0x080269d2   0x00000120   Code   RO         3205    i.tcp_enqueue_flags  tcp_out.o
    0x08026af2   0x0000000c   Code   RO         2544    i.tcp_err           tcp.o
    0x08026afe   0x00000002   PAD
    0x08026b00   0x0000007c   Code   RO         2545    i.tcp_fasttmr       tcp.o
    0x08026b7c   0x00000058   Code   RO         3634    i.tcp_getoptbyte    tcp_in.o
    0x08026bd4   0x00000002   Code   RO         2546    i.tcp_init          tcp.o
    0x08026bd6   0x00000002   PAD
    0x08026bd8   0x00000528   Code   RO         3635    i.tcp_input         tcp_in.o
    0x08027100   0x00000072   Code   RO         3206    i.tcp_keepalive     tcp_out.o
    0x08027172   0x00000002   PAD
    0x08027174   0x0000005c   Code   RO         2547    i.tcp_kill_prio     tcp.o
    0x080271d0   0x00000050   Code   RO         2548    i.tcp_kill_state    tcp.o
    0x08027220   0x00000040   Code   RO         2549    i.tcp_kill_timewait  tcp.o
    0x08027260   0x0000002c   Code   RO         2550    i.tcp_listen_closed  tcp.o
    0x0802728c   0x0000014c   Code   RO         3636    i.tcp_listen_input  tcp_in.o
    0x080273d8   0x000000b4   Code   RO         2551    i.tcp_listen_with_backlog  tcp.o
    0x0802748c   0x00000054   Code   RO         2552    i.tcp_netif_ip_addr_changed  tcp.o
    0x080274e0   0x0000002e   Code   RO         2553    i.tcp_netif_ip_addr_changed_pcblist  tcp.o
    0x0802750e   0x0000000a   Code   RO         2554    i.tcp_new           tcp.o
    0x08027518   0x00000068   Code   RO         2556    i.tcp_new_port      tcp.o
    0x08027580   0x0000001c   Code   RO         2557    i.tcp_next_iss      tcp.o
    0x0802759c   0x00000090   Code   RO         3637    i.tcp_oos_insert_segment  tcp_in.o
    0x0802762c   0x00000220   Code   RO         3207    i.tcp_output        tcp_out.o
    0x0802784c   0x00000078   Code   RO         3208    i.tcp_output_alloc_header  tcp_out.o
    0x080278c4   0x000000cc   Code   RO         3209    i.tcp_output_segment  tcp_out.o
    0x08027990   0x000000b8   Code   RO         3638    i.tcp_parseopt      tcp_in.o
    0x08027a48   0x00000078   Code   RO         3210    i.tcp_pbuf_prealloc  tcp_out.o
    0x08027ac0   0x0000006a   Code   RO         2558    i.tcp_pcb_purge     tcp.o
    0x08027b2a   0x0000007c   Code   RO         2559    i.tcp_pcb_remove    tcp.o
    0x08027ba6   0x0000000c   Code   RO         2560    i.tcp_poll          tcp.o
    0x08027bb2   0x00000002   PAD
    0x08027bb4   0x000005ec   Code   RO         3639    i.tcp_process       tcp_in.o
    0x080281a0   0x0000009e   Code   RO         2561    i.tcp_process_refused_data  tcp.o
    0x0802823e   0x00000002   PAD
    0x08028240   0x00000a04   Code   RO         3640    i.tcp_receive       tcp_in.o
    0x08028c44   0x0000000c   Code   RO         2562    i.tcp_recv          tcp.o
    0x08028c50   0x0000002e   Code   RO         2563    i.tcp_recv_null     tcp.o
    0x08028c7e   0x00000064   Code   RO         2564    i.tcp_recved        tcp.o
    0x08028ce2   0x00000018   Code   RO         2565    i.tcp_remove_listener  tcp.o
    0x08028cfa   0x0000005a   Code   RO         3211    i.tcp_rexmit        tcp_out.o
    0x08028d54   0x0000007c   Code   RO         3212    i.tcp_rexmit_fast   tcp_out.o
    0x08028dd0   0x00000044   Code   RO         3213    i.tcp_rexmit_rto    tcp_out.o
    0x08028e14   0x00000090   Code   RO         3214    i.tcp_rst           tcp_out.o
    0x08028ea4   0x00000026   Code   RO         2566    i.tcp_seg_copy      tcp.o
    0x08028eca   0x0000001a   Code   RO         2567    i.tcp_seg_free      tcp.o
    0x08028ee4   0x00000018   Code   RO         2568    i.tcp_segs_free     tcp.o
    0x08028efc   0x0000007e   Code   RO         3215    i.tcp_send_empty_ack  tcp_out.o
    0x08028f7a   0x0000004a   Code   RO         3216    i.tcp_send_fin      tcp_out.o
    0x08028fc4   0x0000000a   Code   RO         2569    i.tcp_sent          tcp.o
    0x08028fce   0x00000062   Code   RO         2571    i.tcp_shutdown      tcp.o
    0x08029030   0x000003a8   Code   RO         2572    i.tcp_slowtmr       tcp.o
    0x080293d8   0x00000038   Code   RO         4883    i.tcp_timer_needed  timeouts.o
    0x08029410   0x000000a4   Code   RO         3641    i.tcp_timewait_input  tcp_in.o
    0x080294b4   0x00000024   Code   RO         2573    i.tcp_tmr           tcp.o
    0x080294d8   0x00000014   Code   RO         3642    i.tcp_trigger_input_pcb_close  tcp_in.o
    0x080294ec   0x0000004e   Code   RO         2575    i.tcp_update_rcv_ann_wnd  tcp.o
    0x0802953a   0x00000408   Code   RO         3217    i.tcp_write         tcp_out.o
    0x08029942   0x00000080   Code   RO         3218    i.tcp_write_checks  tcp_out.o
    0x080299c2   0x000000f6   Code   RO         3219    i.tcp_zero_window_probe  tcp_out.o
    0x08029ab8   0x0000005c   Code   RO         2417    i.tcpip_callback_with_block  tcpip.o
    0x08029b14   0x00000064   Code   RO         2420    i.tcpip_init        tcpip.o
    0x08029b78   0x00000050   Code   RO         2421    i.tcpip_inpkt       tcpip.o
    0x08029bc8   0x00000030   Code   RO         2422    i.tcpip_input       tcpip.o
    0x08029bf8   0x00000020   Code   RO         2423    i.tcpip_send_msg_wait_sem  tcpip.o
    0x08029c18   0x00000038   Code   RO         4884    i.tcpip_tcp_timer   timeouts.o
    0x08029c50   0x000000a8   Code   RO         2424    i.tcpip_thread      tcpip.o
    0x08029cf8   0x00000120   Code   RO         9439    i.udpPacketBuilder  packet_builder.o
    0x08029e18   0x000000b4   Code   RO         3486    i.udp_bind          udp.o
    0x08029ecc   0x0000007c   Code   RO         3487    i.udp_connect       udp.o
    0x08029f48   0x00000002   Code   RO         3489    i.udp_init          udp.o
    0x08029f4a   0x00000002   PAD
    0x08029f4c   0x00000178   Code   RO         3490    i.udp_input         udp.o
    0x0802a0c4   0x00000048   Code   RO         3491    i.udp_input_local_match  udp.o
    0x0802a10c   0x00000030   Code   RO         3492    i.udp_netif_ip_addr_changed  udp.o
    0x0802a13c   0x0000001c   Code   RO         3493    i.udp_new           udp.o
    0x0802a158   0x00000058   Code   RO         3495    i.udp_new_port      udp.o
    0x0802a1b0   0x00000006   Code   RO         3496    i.udp_recv          udp.o
    0x0802a1b6   0x00000002   PAD
    0x0802a1b8   0x00000044   Code   RO         3497    i.udp_remove        udp.o
    0x0802a1fc   0x0000004c   Code   RO         3499    i.udp_sendto        udp.o
    0x0802a248   0x00000052   Code   RO         3500    i.udp_sendto_if     udp.o
    0x0802a29a   0x000000e0   Code   RO         3501    i.udp_sendto_if_src  udp.o
    0x0802a37a   0x00000028   Code   RO          919    i.uxListRemove      list.o
    0x0802a3a2   0x0000002e   Code   RO          974    i.uxQueueMessagesWaiting  queue.o
    0x0802a3d0   0x00000022   Code   RO          975    i.uxQueueMessagesWaitingFromISR  queue.o
    0x0802a3f2   0x0000001a   Code   RO          920    i.vListInitialise   list.o
    0x0802a40c   0x00000006   Code   RO          921    i.vListInitialiseItem  list.o
    0x0802a412   0x00000034   Code   RO          922    i.vListInsert       list.o
    0x0802a446   0x00000018   Code   RO          923    i.vListInsertEnd    list.o
    0x0802a45e   0x00000002   PAD
    0x0802a460   0x0000005c   Code   RO          453    i.vPortEnterCritical  port.o
    0x0802a4bc   0x00000040   Code   RO          454    i.vPortExitCritical  port.o
    0x0802a4fc   0x0000009c   Code   RO         1155    i.vPortFree         heap_4.o
    0x0802a598   0x00000020   Code   RO          455    i.vPortSetupTimerInterrupt  port.o
    0x0802a5b8   0x00000080   Code   RO          456    i.vPortValidateInterruptPriority  port.o
    0x0802a638   0x00000030   Code   RO          978    i.vQueueDelete      queue.o
    0x0802a668   0x00000030   Code   RO          980    i.vQueueUnregisterQueue  queue.o
    0x0802a698   0x00000060   Code   RO          141    i.vTaskDelay        tasks.o
    0x0802a6f8   0x0000000c   Code   RO          145    i.vTaskMissedYield  tasks.o
    0x0802a704   0x0000003c   Code   RO          147    i.vTaskPlaceOnEventList  tasks.o
    0x0802a740   0x000000b0   Code   RO          149    i.vTaskPriorityInherit  tasks.o
    0x0802a7f0   0x00000034   Code   RO          153    i.vTaskSetTimeOutState  tasks.o
    0x0802a824   0x00000090   Code   RO          154    i.vTaskStartScheduler  tasks.o
    0x0802a8b4   0x00000010   Code   RO          156    i.vTaskSuspendAll   tasks.o
    0x0802a8c4   0x00000090   Code   RO          157    i.vTaskSwitchContext  tasks.o
    0x0802a954   0x000000cc   Code   RO         9241    i.waitSetBit        status_control.o
    0x0802aa20   0x000000e8   Code   RO          457    i.xPortStartScheduler  port.o
    0x0802ab08   0x00000038   Code   RO          458    i.xPortSysTickHandler  port.o
    0x0802ab40   0x00000022   Code   RO          981    i.xQueueCreateMutex  queue.o
    0x0802ab62   0x0000005c   Code   RO          982    i.xQueueGenericCreate  queue.o
    0x0802abbe   0x00000002   PAD
    0x0802abc0   0x000001d0   Code   RO          983    i.xQueueGenericReceive  queue.o
    0x0802ad90   0x0000009c   Code   RO          984    i.xQueueGenericReset  queue.o
    0x0802ae2c   0x000001b8   Code   RO          985    i.xQueueGenericSend  queue.o
    0x0802afe4   0x00000108   Code   RO          986    i.xQueueGenericSendFromISR  queue.o
    0x0802b0ec   0x000000f0   Code   RO          987    i.xQueueGiveFromISR  queue.o
    0x0802b1dc   0x000000d6   Code   RO          991    i.xQueueReceiveFromISR  queue.o
    0x0802b2b2   0x00000002   PAD
    0x0802b2b4   0x00000094   Code   RO          158    i.xTaskCheckForTimeOut  tasks.o
    0x0802b348   0x00000060   Code   RO          159    i.xTaskCreate       tasks.o
    0x0802b3a8   0x00000020   Code   RO          163    i.xTaskGetSchedulerState  tasks.o
    0x0802b3c8   0x0000000c   Code   RO          164    i.xTaskGetTickCount  tasks.o
    0x0802b3d4   0x00000014   Code   RO          165    i.xTaskGetTickCountFromISR  tasks.o
    0x0802b3e8   0x0000014c   Code   RO          166    i.xTaskIncrementTick  tasks.o
    0x0802b534   0x000000d0   Code   RO          169    i.xTaskPriorityDisinherit  tasks.o
    0x0802b604   0x0000009c   Code   RO          170    i.xTaskRemoveFromEventList  tasks.o
    0x0802b6a0   0x00000108   Code   RO          172    i.xTaskResumeAll    tasks.o
    0x0802b7a8   0x0000000c   Data   RO         2160    .constdata          sys_arch.o
    0x0802b7b4   0x00000050   Data   RO         2576    .constdata          tcp.o
    0x0802b804   0x00000008   Data   RO         3338    .constdata          ip4_addr.o
    0x0802b80c   0x00000104   Data   RO         3755    .constdata          memp.o
    0x0802b910   0x0000000c   Data   RO         4661    .constdata          ethernet.o
    0x0802b91c   0x00000018   Data   RO         4885    .constdata          timeouts.o
    0x0802b934   0x00000018   Data   RO         8475    .constdata          system_stm32f7xx.o
    0x0802b94c   0x00000014   Data   RO         8527    .constdata          ethernetif.o
    0x0802b960   0x00000078   Data   RO         8722    .constdata          main.o
    0x0802b9d8   0x00000081   Data   RO         9472    .constdata          mc_w.l(ctype_o.o)
    0x0802ba59   0x00000003   PAD
    0x0802ba5c   0x00000004   Data   RO         9473    .constdata          mc_w.l(ctype_o.o)
    0x0802ba60   0x0000006d   Data   RO         2577    .conststring        tcp.o
    0x0802bacd   0x00000003   PAD
    0x0802bad0   0x00000098   Data   RO         3756    .conststring        memp.o
    0x0802bb68   0x00000006   Data   RO         8528    .conststring        ethernetif.o
    0x0802bb6e   0x00000002   PAD
    0x0802bb70   0x00000053   Data   RO         8723    .conststring        main.o
    0x0802bbc3   0x00000001   PAD
    0x0802bbc4   0x0000006e   Data   RO         8999    .conststring        comm_pars.o
    0x0802bc32   0x00000002   PAD
    0x0802bc34   0x00000020   Data   RO         9835    Region$$Table       anon$$obj.o


    Execution Region RW_IRAM2 (Base: 0x20000000, Size: 0x000202f0, Max: 0x00080000, ABSOLUTE, COMPRESSED[0x00000070])

    Base Addr    Size         Type   Attr      Idx    E Section Name        Object

    0x20000000   0x0000003c   Data   RW          175    .data               tasks.o
    0x2000003c   0x0000000c   Data   RW          459    .data               port.o
    0x20000048   0x00000018   Data   RW         1160    .data               heap_4.o
    0x20000060   0x00000001   Data   RW         1699    .data               api_msg.o
    0x20000061   0x00000003   PAD
    0x20000064   0x00000008   Data   RW         2161    .data               sys_arch.o
    0x2000006c   0x00000010   Data   RW         2363    .data               mem.o
    0x2000007c   0x00000010   Data   RW         2426    .data               tcpip.o
    0x2000008c   0x00000020   Data   RW         2578    .data               tcp.o
    0x200000ac   0x00000002   Data   RW         3139    .data               ip4.o
    0x200000ae   0x00000002   PAD
    0x200000b0   0x00000008   Data   RW         3502    .data               udp.o
    0x200000b8   0x00000028   Data   RW         3644    .data               tcp_in.o
    0x200000e0   0x00000034   Data   RW         3757    .data               memp.o
    0x20000114   0x00000001   Data   RW         3992    .data               pbuf.o
    0x20000115   0x00000003   PAD
    0x20000118   0x00000009   Data   RW         4377    .data               netif.o
    0x20000121   0x00000003   PAD
    0x20000124   0x00000006   Data   RW         4709    .data               ip4_frag.o
    0x2000012a   0x00000001   Data   RW         4791    .data               etharp.o
    0x2000012b   0x00000001   PAD
    0x2000012c   0x0000000c   Data   RW         4886    .data               timeouts.o
    0x20000138   0x00000004   Data   RW         6173    .data               stm32f7xx_hal.o
    0x2000013c   0x00000004   Data   RW         8476    .data               system_stm32f7xx.o
    0x20000140   0x00000004   Data   RW         8529    .data               ethernetif.o
    0x20000144   0x00000019   Data   RW         8724    .data               main.o
    0x2000015d   0x00000003   PAD
    0x20000160   0x00000018   Data   RW         8954    .data               lwip.o
    0x20000178   0x00000073   Data   RW         9000    .data               comm_pars.o
    0x200001eb   0x00000001   Data   RW         9242    .data               status_control.o
    0x200001ec   0x00000004   Data   RW         9794    .data               mc_w.l(stdout.o)
    0x200001f0   0x00000004   Data   RW         9802    .data               mc_w.l(errno.o)
    0x200001f4   0x000000f0   Zero   RW          174    .bss                tasks.o
    0x200002e4   0x00000040   Zero   RW          992    .bss                queue.o
    0x20000324   0x00010000   Zero   RW         1159    .bss                heap_4.o
    0x20010324   0x00001013   Zero   RW         2362    .bss                mem.o
    0x20011337   0x00000001   PAD
    0x20011338   0x00000014   Zero   RW         3643    .bss                tcp_in.o
    0x2001134c   0x000072ab   Zero   RW         3754    .bss                memp.o
    0x200185f7   0x00000001   PAD
    0x200185f8   0x000000f0   Zero   RW         4790    .bss                etharp.o
    0x200186e8   0x00000018   Zero   RW         4980    .bss                ip.o
    0x20018700   0x0000001c   Zero   RW         6047    .bss                stm32f7xx_hal_flash.o
    0x2001871c   0x000030e8   Zero   RW         8526    .bss                ethernetif.o
    0x2001b804   0x00000140   Zero   RW         8721    .bss                main.o
    0x2001b944   0x00000030   Zero   RW         8953    .bss                lwip.o
    0x2001b974   0x00000004   PAD
    0x2001b978   0x00000939   Zero   RW         8998    .bss                comm_pars.o
    0x2001c2b1   0x00000003   PAD
    0x2001c2b4   0x0000003c   Zero   RW         9440    .bss                packet_builder.o
    0x2001c2f0   0x00004000   Zero   RW         5001    STACK               startup_stm32f767xx.o



  Load Region LR_IROM3 (Base: 0x08008000, Size: 0x00000000, Max: 0x00008000, ABSOLUTE)

    Execution Region FLASH_CFG1 (Base: 0x08008000, Size: 0x00000000, Max: 0x00008000, ABSOLUTE)

    **** No section assigned to this execution region ****



  Load Region LR_IROM4 (Base: 0x08010000, Size: 0x00000000, Max: 0x00008000, ABSOLUTE)

    Execution Region FLASH_CFG2 (Base: 0x08010000, Size: 0x00000000, Max: 0x00008000, ABSOLUTE)

    **** No section assigned to this execution region ****


==============================================================================

Image component sizes


      Code (inc. data)   RO Data    RW Data    ZI Data      Debug   Object Name

      1150         56          0          0          0     927172   api_lib.o
      4236        164          0          1          0      29489   api_msg.o
       924         24          0          0          0      29839   cmsis_os.o
      7568        396        110        115       2361      39281   comm_pars.o
       112         14          0          0          0       1769   convertor.o
        38          0          0          0          0       1154   def.o
      4936         82          0          0          0       3793   encoder_control.o
      2352         68          0          1        240      12167   etharp.o
       314          4         12          0          0       2770   ethernet.o
      1212         92         26          4      12520      11680   ethernetif.o
         0          0          0          0          0      18744   event_groups.o
       732         66          0          0          0       7274   flash_control.o
       712         62          0         24      65536       7479   heap_4.o
       616          4          0          0          0       4158   icmp.o
         0          0          0          0          0       7092   inet_chksum.o
        36          0          0          0          0        560   init.o
         0          0          0          0         24       3018   ip.o
       922         28          0          2          0      14419   ip4.o
        78          0          8          0          0       6830   ip4_addr.o
      1800         38          0          6          0      11098   ip4_frag.o
       148          0          0          0          0       8874   list.o
       252         36          0         24         48       1421   lwip.o
      2732        170        203         25        320      72002   main.o
       928         82          0         16       4115       5577   mem.o
       242         14        412         52      29355      11048   memp.o
       142          0          0          0          0       3424   netbuf.o
       476         20          0          9          0       9795   netif.o
       288         12          0          0         60       1423   packet_builder.o
      1648         30          0          1          0      14085   pbuf.o
       906         90          0         12          0      12017   port.o
      2498         20          0          0         64      20521   queue.o
      4888        150          0          0          0       8276   speed_control.o
        36          8        504          0      16384        812   startup_stm32f767xx.o
      2380         96          0          1          0       7873   status_control.o
       116         14          0          4          0       3831   stm32f7xx_hal.o
       366         28          0          0          0      37271   stm32f7xx_hal_cortex.o
      2796         48          0          0          0      14700   stm32f7xx_hal_eth.o
       680         62          0          0         28       6102   stm32f7xx_hal_flash.o
       124          4          0          0          0        749   stm32f7xx_hal_flash_ex.o
       564         52          0          0          0       3131   stm32f7xx_hal_gpio.o
       566         48          0          0          0       3048   stm32f7xx_hal_msp.o
       144          8          0          0          0       1288   stm32f7xx_hal_pwr_ex.o
      2084         62          0          0          0       5286   stm32f7xx_hal_rcc.o
      2432         20          0          0          0       2312   stm32f7xx_hal_rcc_ex.o
      1602        108          0          0          0      12569   stm32f7xx_hal_tim.o
       660         36          0          0          0       4966   stm32f7xx_hal_tim_ex.o
        28          6          0          0          0        983   stm32f7xx_it.o
       610         26         12          8          0      19684   sys_arch.o
       100         18         24          4          0       1179   system_stm32f7xx.o
      2834        366          0         60        240      24218   tasks.o
      4268        230        189         32          0      40311   tcp.o
      6332        348          0         40         20      19963   tcp_in.o
      3624         10          0          0          0      16967   tcp_out.o
       520         76          0         16          0       9633   tcpip.o
       652         90         24         12          0       7344   timeouts.o
         0          0          0          0          0       2860   timers.o
      1374         48          0          8          0      12666   udp.o

    ----------------------------------------------------------------------
     77868       3534       1564        492     131324    1567995   Object Totals
         0          0         32          0          0          0   (incl. Generated)
        90          0          8         15          9          0   (incl. Padding)

    ----------------------------------------------------------------------

      Code (inc. data)   RO Data    RW Data    ZI Data      Debug   Library Member Name

       160         24          0          0          0        132   round.o
        86          0          0          0          0          0   __dczerorl2.o
        28          0          0          0          0         68   _chval.o
       158          0          0          0          0         92   _strtoul.o
        26          0          0          0          0         80   atoi.o
         8          4        133          0          0         68   ctype_o.o
         0          0          0          0          0          0   entry.o
         0          0          0          0          0          0   entry10a.o
         0          0          0          0          0          0   entry11a.o
         8          4          0          0          0          0   entry2.o
         4          0          0          0          0          0   entry5.o
         0          0          0          0          0          0   entry7b.o
         0          0          0          0          0          0   entry8b.o
         8          4          0          0          0          0   entry9a.o
         8          4          0          4          0         68   errno.o
        30          0          0          0          0          0   handlers.o
        36          8          0          0          0         68   init.o
         0          0          0          0          0          0   iusefp.o
        30          0          0          0          0         68   llshl.o
        32          0          0          0          0         68   llushr.o
        26          0          0          0          0         80   memcmp.o
        36          0          0          0          0         68   memcpya.o
        36          0          0          0          0        108   memseta.o
       592         24          0          0          0        488   printf3.o
         0          0          0          4          0          0   stdout.o
        20          0          0          0          0         68   strchr.o
        14          0          0          0          0         68   strlen.o
        30          0          0          0          0         80   strncmp.o
        24          0          0          0          0         76   strncpy.o
        32          0          0          0          0         68   strrchr.o
       112          0          0          0          0         88   strtol.o
        44          0          0          0          0         80   uidiv.o
       186          0          0          0          0        176   depilogue.o
       136          4          0          0          0         92   drnd.o

    ----------------------------------------------------------------------
      1916         80        136          8          0       2252   Library Totals
         6          4          3          0          0          0   (incl. Padding)

    ----------------------------------------------------------------------

      Code (inc. data)   RO Data    RW Data    ZI Data      Debug   Library Name

       160         24          0          0          0        132   m_wv.l
      1428         48        133          8          0       1852   mc_w.l
       322          4          0          0          0        268   mf_w.l

    ----------------------------------------------------------------------
      1916         80        136          8          0       2252   Library Totals

    ----------------------------------------------------------------------

==============================================================================


      Code (inc. data)   RO Data    RW Data    ZI Data      Debug   

     79784       3614       1700        500     131324    1523487   Grand Totals
     79784       3614       1700        112     131324    1523487   ELF Image Totals (compressed)
     79784       3614       1700        112          0          0   ROM Totals

==============================================================================

    Total RO  Size (Code + RO Data)                81484 (  79.57kB)
    Total RW  Size (RW Data + ZI Data)            131824 ( 128.73kB)
    Total ROM Size (Code + RO Data + RW Data)      81596 (  79.68kB)

==============================================================================

